Archive member included to satisfy reference by file (symbol)

/opt/st/stm32cubeide_1.6.0/plugins/com.st.stm32cube.ide.mcu.externaltools.gnu-tools-for-stm32.9-2020-q2-update.linux64_1.5.0.202011040924/tools/bin/../lib/gcc/arm-none-eabi/9.3.1/../../../../arm-none-eabi/lib/thumb/v7-m/nofp/libc_nano.a(lib_a-errno.o)
                              Core/Src/syscalls.o (__errno)
/opt/st/stm32cubeide_1.6.0/plugins/com.st.stm32cube.ide.mcu.externaltools.gnu-tools-for-stm32.9-2020-q2-update.linux64_1.5.0.202011040924/tools/bin/../lib/gcc/arm-none-eabi/9.3.1/../../../../arm-none-eabi/lib/thumb/v7-m/nofp/libc_nano.a(lib_a-exit.o)
                              /opt/st/stm32cubeide_1.6.0/plugins/com.st.stm32cube.ide.mcu.externaltools.gnu-tools-for-stm32.9-2020-q2-update.linux64_1.5.0.202011040924/tools/bin/../lib/gcc/arm-none-eabi/9.3.1/../../../../arm-none-eabi/lib/thumb/v7-m/nofp/crt0.o (exit)
/opt/st/stm32cubeide_1.6.0/plugins/com.st.stm32cube.ide.mcu.externaltools.gnu-tools-for-stm32.9-2020-q2-update.linux64_1.5.0.202011040924/tools/bin/../lib/gcc/arm-none-eabi/9.3.1/../../../../arm-none-eabi/lib/thumb/v7-m/nofp/libc_nano.a(lib_a-impure.o)
                              /opt/st/stm32cubeide_1.6.0/plugins/com.st.stm32cube.ide.mcu.externaltools.gnu-tools-for-stm32.9-2020-q2-update.linux64_1.5.0.202011040924/tools/bin/../lib/gcc/arm-none-eabi/9.3.1/../../../../arm-none-eabi/lib/thumb/v7-m/nofp/libc_nano.a(lib_a-exit.o) (_global_impure_ptr)
/opt/st/stm32cubeide_1.6.0/plugins/com.st.stm32cube.ide.mcu.externaltools.gnu-tools-for-stm32.9-2020-q2-update.linux64_1.5.0.202011040924/tools/bin/../lib/gcc/arm-none-eabi/9.3.1/../../../../arm-none-eabi/lib/thumb/v7-m/nofp/libc_nano.a(lib_a-init.o)
                              /opt/st/stm32cubeide_1.6.0/plugins/com.st.stm32cube.ide.mcu.externaltools.gnu-tools-for-stm32.9-2020-q2-update.linux64_1.5.0.202011040924/tools/bin/../lib/gcc/arm-none-eabi/9.3.1/../../../../arm-none-eabi/lib/thumb/v7-m/nofp/crt0.o (__libc_init_array)
/opt/st/stm32cubeide_1.6.0/plugins/com.st.stm32cube.ide.mcu.externaltools.gnu-tools-for-stm32.9-2020-q2-update.linux64_1.5.0.202011040924/tools/bin/../lib/gcc/arm-none-eabi/9.3.1/../../../../arm-none-eabi/lib/thumb/v7-m/nofp/libc_nano.a(lib_a-memset.o)
                              /opt/st/stm32cubeide_1.6.0/plugins/com.st.stm32cube.ide.mcu.externaltools.gnu-tools-for-stm32.9-2020-q2-update.linux64_1.5.0.202011040924/tools/bin/../lib/gcc/arm-none-eabi/9.3.1/../../../../arm-none-eabi/lib/thumb/v7-m/nofp/crt0.o (memset)
/opt/st/stm32cubeide_1.6.0/plugins/com.st.stm32cube.ide.mcu.externaltools.gnu-tools-for-stm32.9-2020-q2-update.linux64_1.5.0.202011040924/tools/bin/../lib/gcc/arm-none-eabi/9.3.1/../../../../arm-none-eabi/lib/thumb/v7-m/nofp/libc_nano.a(lib_a-sprintf.o)
                              Core/Src/main.o (sprintf)
/opt/st/stm32cubeide_1.6.0/plugins/com.st.stm32cube.ide.mcu.externaltools.gnu-tools-for-stm32.9-2020-q2-update.linux64_1.5.0.202011040924/tools/bin/../lib/gcc/arm-none-eabi/9.3.1/../../../../arm-none-eabi/lib/thumb/v7-m/nofp/libc_nano.a(lib_a-strlen.o)
                              Core/Src/ssd1963_headerfile.o (strlen)
/opt/st/stm32cubeide_1.6.0/plugins/com.st.stm32cube.ide.mcu.externaltools.gnu-tools-for-stm32.9-2020-q2-update.linux64_1.5.0.202011040924/tools/bin/../lib/gcc/arm-none-eabi/9.3.1/../../../../arm-none-eabi/lib/thumb/v7-m/nofp/libc_nano.a(lib_a-nano-svfprintf.o)
                              /opt/st/stm32cubeide_1.6.0/plugins/com.st.stm32cube.ide.mcu.externaltools.gnu-tools-for-stm32.9-2020-q2-update.linux64_1.5.0.202011040924/tools/bin/../lib/gcc/arm-none-eabi/9.3.1/../../../../arm-none-eabi/lib/thumb/v7-m/nofp/libc_nano.a(lib_a-sprintf.o) (_svfprintf_r)
/opt/st/stm32cubeide_1.6.0/plugins/com.st.stm32cube.ide.mcu.externaltools.gnu-tools-for-stm32.9-2020-q2-update.linux64_1.5.0.202011040924/tools/bin/../lib/gcc/arm-none-eabi/9.3.1/../../../../arm-none-eabi/lib/thumb/v7-m/nofp/libc_nano.a(lib_a-nano-vfprintf_i.o)
                              /opt/st/stm32cubeide_1.6.0/plugins/com.st.stm32cube.ide.mcu.externaltools.gnu-tools-for-stm32.9-2020-q2-update.linux64_1.5.0.202011040924/tools/bin/../lib/gcc/arm-none-eabi/9.3.1/../../../../arm-none-eabi/lib/thumb/v7-m/nofp/libc_nano.a(lib_a-nano-svfprintf.o) (_printf_i)
/opt/st/stm32cubeide_1.6.0/plugins/com.st.stm32cube.ide.mcu.externaltools.gnu-tools-for-stm32.9-2020-q2-update.linux64_1.5.0.202011040924/tools/bin/../lib/gcc/arm-none-eabi/9.3.1/../../../../arm-none-eabi/lib/thumb/v7-m/nofp/libc_nano.a(lib_a-memchr-stub.o)
                              /opt/st/stm32cubeide_1.6.0/plugins/com.st.stm32cube.ide.mcu.externaltools.gnu-tools-for-stm32.9-2020-q2-update.linux64_1.5.0.202011040924/tools/bin/../lib/gcc/arm-none-eabi/9.3.1/../../../../arm-none-eabi/lib/thumb/v7-m/nofp/libc_nano.a(lib_a-nano-svfprintf.o) (memchr)
[...]
Memory Configuration

Name             Origin             Length             Attributes
RAM              0x0000000020000000 0x0000000000010000 xrw
FLASH            0x0000000008000000 0x0000000000080000 xr
*default*        0x0000000000000000 0xffffffffffffffff

Linker script and memory map

LOAD /opt/st/stm32cubeide_1.6.0/plugins/com.st.stm32cube.ide.mcu.externaltools.gnu-tools-for-stm32.9-2020-q2-update.linux64_1.5.0.202011040924/tools/bin/../lib/gcc/arm-none-eabi/9.3.1/thumb/v7-m/nofp/crti.o
LOAD /opt/st/stm32cubeide_1.6.0/plugins/com.st.stm32cube.ide.mcu.externaltools.gnu-tools-for-stm32.9-2020-q2-update.linux64_1.5.0.202011040924/tools/bin/../lib/gcc/arm-none-eabi/9.3.1/thumb/v7-m/nofp/crtbegin.o
LOAD /opt/st/stm32cubeide_1.6.0/plugins/com.st.stm32cube.ide.mcu.externaltools.gnu-tools-for-stm32.9-2020-q2-update.linux64_1.5.0.202011040924/tools/bin/../lib/gcc/arm-none-eabi/9.3.1/../../../../arm-none-eabi/lib/thumb/v7-m/nofp/crt0.o
LOAD Core/Src/camera.o
LOAD Core/Src/dec.o
LOAD Core/Src/down.o
LOAD Core/Src/fliphor.o
LOAD Core/Src/fliphver.o
LOAD Core/Src/foucosn.o
LOAD Core/Src/foucosp.o
LOAD Core/Src/gear.o
LOAD Core/Src/img1.o
LOAD Core/Src/inc.o
LOAD Core/Src/iran.o
LOAD Core/Src/left.o
LOAD Core/Src/lightdown.o
LOAD Core/Src/lightup.o
LOAD Core/Src/main.o
LOAD Core/Src/right.o
LOAD Core/Src/segoeui18.o
LOAD Core/Src/ssd1963_headerfile.o
LOAD Core/Src/stm32f1xx_hal_msp.o
LOAD Core/Src/stm32f1xx_it.o
LOAD Core/Src/syscalls.o
LOAD Core/Src/sysmem.o
LOAD Core/Src/system_stm32f1xx.o
LOAD Core/Src/tp.o
LOAD Core/Src/up.o
LOAD Core/Src/zoomin.o
LOAD Core/Src/zoomout.o
LOAD Core/Startup/startup_stm32f103vetx.o
LOAD Drivers/STM32F1xx_HAL_Driver/Src/stm32f1xx_hal.o
LOAD Drivers/STM32F1xx_HAL_Driver/Src/stm32f1xx_hal_cortex.o
LOAD Drivers/STM32F1xx_HAL_Driver/Src/stm32f1xx_hal_dma.o
LOAD Drivers/STM32F1xx_HAL_Driver/Src/stm32f1xx_hal_exti.o
LOAD Drivers/STM32F1xx_HAL_Driver/Src/stm32f1xx_hal_flash.o
LOAD Drivers/STM32F1xx_HAL_Driver/Src/stm32f1xx_hal_flash_ex.o
LOAD Drivers/STM32F1xx_HAL_Driver/Src/stm32f1xx_hal_gpio.o
LOAD Drivers/STM32F1xx_HAL_Driver/Src/stm32f1xx_hal_gpio_ex.o
LOAD Drivers/STM32F1xx_HAL_Driver/Src/stm32f1xx_hal_pwr.o
LOAD Drivers/STM32F1xx_HAL_Driver/Src/stm32f1xx_hal_rcc.o
LOAD Drivers/STM32F1xx_HAL_Driver/Src/stm32f1xx_hal_rcc_ex.o
LOAD Drivers/STM32F1xx_HAL_Driver/Src/stm32f1xx_hal_spi.o
LOAD Drivers/STM32F1xx_HAL_Driver/Src/stm32f1xx_hal_sram.o
LOAD Drivers/STM32F1xx_HAL_Driver/Src/stm32f1xx_hal_tim.o
LOAD Drivers/STM32F1xx_HAL_Driver/Src/stm32f1xx_hal_tim_ex.o
LOAD Drivers/STM32F1xx_HAL_Driver/Src/stm32f1xx_hal_uart.o
LOAD Drivers/STM32F1xx_HAL_Driver/Src/stm32f1xx_ll_fsmc.o
START GROUP
LOAD /opt/st/stm32cubeide_1.6.0/plugins/com.st.stm32cube.ide.mcu.externaltools.gnu-tools-for-stm32.9-2020-q2-update.linux64_1.5.0.202011040924/tools/bin/../lib/gcc/arm-none-eabi/9.3.1/../../../../arm-none-eabi/lib/thumb/v7-m/nofp/libc_nano.a
LOAD /opt/st/stm32cubeide_1.6.0/plugins/com.st.stm32cube.ide.mcu.externaltools.gnu-tools-for-stm32.9-2020-q2-update.linux64_1.5.0.202011040924/tools/bin/../lib/gcc/arm-none-eabi/9.3.1/../../../../arm-none-eabi/lib/thumb/v7-m/nofp/libm.a
END GROUP
START GROUP
LOAD /opt/st/stm32cubeide_1.6.0/plugins/com.st.stm32cube.ide.mcu.externaltools.gnu-tools-for-stm32.9-2020-q2-update.linux64_1.5.0.202011040924/tools/bin/../lib/gcc/arm-none-eabi/9.3.1/thumb/v7-m/nofp/libgcc.a
LOAD /opt/st/stm32cubeide_1.6.0/plugins/com.st.stm32cube.ide.mcu.externaltools.gnu-tools-for-stm32.9-2020-q2-update.linux64_1.5.0.202011040924/tools/bin/../lib/gcc/arm-none-eabi/9.3.1/../../../../arm-none-eabi/lib/thumb/v7-m/nofp/libc_nano.a
END GROUP
START GROUP
LOAD /opt/st/stm32cubeide_1.6.0/plugins/com.st.stm32cube.ide.mcu.externaltools.gnu-tools-for-stm32.9-2020-q2-update.linux64_1.5.0.202011040924/tools/bin/../lib/gcc/arm-none-eabi/9.3.1/thumb/v7-m/nofp/libgcc.a
LOAD /opt/st/stm32cubeide_1.6.0/plugins/com.st.stm32cube.ide.mcu.externaltools.gnu-tools-for-stm32.9-2020-q2-update.linux64_1.5.0.202011040924/tools/bin/../lib/gcc/arm-none-eabi/9.3.1/../../../../arm-none-eabi/lib/thumb/v7-m/nofp/libc_nano.a
LOAD /opt/st/stm32cubeide_1.6.0/plugins/com.st.stm32cube.ide.mcu.externaltools.gnu-tools-for-stm32.9-2020-q2-update.linux64_1.5.0.202011040924/tools/bin/../lib/gcc/arm-none-eabi/9.3.1/../../../../arm-none-eabi/lib/thumb/v7-m/nofp/libnosys.a
END GROUP
START GROUP
LOAD /opt/st/stm32cubeide_1.6.0/plugins/com.st.stm32cube.ide.mcu.externaltools.gnu-tools-for-stm32.9-2020-q2-update.linux64_1.5.0.202011040924/tools/bin/../lib/gcc/arm-none-eabi/9.3.1/thumb/v7-m/nofp/libgcc.a
LOAD /opt/st/stm32cubeide_1.6.0/plugins/com.st.stm32cube.ide.mcu.externaltools.gnu-tools-for-stm32.9-2020-q2-update.linux64_1.5.0.202011040924/tools/bin/../lib/gcc/arm-none-eabi/9.3.1/../../../../arm-none-eabi/lib/thumb/v7-m/nofp/libc_nano.a
LOAD /opt/st/stm32cubeide_1.6.0/plugins/com.st.stm32cube.ide.mcu.externaltools.gnu-tools-for-stm32.9-2020-q2-update.linux64_1.5.0.202011040924/tools/bin/../lib/gcc/arm-none-eabi/9.3.1/../../../../arm-none-eabi/lib/thumb/v7-m/nofp/libnosys.a
END GROUP
LOAD /opt/st/stm32cubeide_1.6.0/plugins/com.st.stm32cube.ide.mcu.externaltools.gnu-tools-for-stm32.9-2020-q2-update.linux64_1.5.0.202011040924/tools/bin/../lib/gcc/arm-none-eabi/9.3.1/thumb/v7-m/nofp/crtend.o
LOAD /opt/st/stm32cubeide_1.6.0/plugins/com.st.stm32cube.ide.mcu.externaltools.gnu-tools-for-stm32.9-2020-q2-update.linux64_1.5.0.202011040924/tools/bin/../lib/gcc/arm-none-eabi/9.3.1/thumb/v7-m/nofp/crtn.o
                0x0000000020010000                _estack = (ORIGIN (RAM) + LENGTH (RAM))
                0x0000000000000200                _Min_Heap_Size = 0x200
                0x0000000000000400                _Min_Stack_Size = 0x400

.isr_vector     0x0000000008000000      0x1e4
                0x0000000008000000                . = ALIGN (0x4)
 *(.isr_vector)
 .isr_vector    0x0000000008000000      0x1e4 Core/Startup/startup_stm32f103vetx.o
                0x0000000008000000                g_pfnVectors
                0x00000000080001e4                . = ALIGN (0x4)

.text           0x00000000080001e4     0x5484
                0x00000000080001e4                . = ALIGN (0x4)
 *(.text)
 .text          0x00000000080001e4       0x40 /opt/st/stm32cubeide_1.6.0/plugins/com.st.stm32cube.ide.mcu.externaltools.gnu-tools-for-stm32.9-2020-q2-update.linux64_1.5.0.202011040924/tools/bin/../lib/gcc/arm-none-eabi/9.3.1/thumb/v7-m/nofp/crtbegin.o
 .text          0x0000000008000224       0x10 /opt/st/stm32cubeide_1.6.0/plugins/com.st.stm32cube.ide.mcu.externaltools.gnu-tools-for-stm32.9-2020-q2-update.linux64_1.5.0.202011040924/tools/bin/../lib/gcc/arm-none-eabi/9.3.1/../../../../arm-none-eabi/lib/thumb/v7-m/nofp/libc_nano.a(lib_a-strlen.o)
                0x0000000008000224                strlen
 .text          0x0000000008000234      0x21c /opt/st/stm32cubeide_1.6.0/plugins/com.st.stm32cube.ide.mcu.externaltools.gnu-tools-for-stm32.9-2020-q2-update.linux64_1.5.0.202011040924/tools/bin/../lib/gcc/arm-none-eabi/9.3.1/thumb/v7-m/nofp/libgcc.a(_arm_addsubsf3.o)
                0x0000000008000234                __aeabi_frsub
                0x000000000800023c                __subsf3
                0x000000000800023c                __aeabi_fsub
                0x0000000008000240                __aeabi_fadd
                0x0000000008000240                __addsf3
                0x00000000080003a0                __aeabi_ui2f
                0x00000000080003a0                __floatunsisf
                0x00000000080003a8                __aeabi_i2f
                0x00000000080003a8                __floatsisf
                0x00000000080003c4                __floatundisf
                0x00000000080003c4                __aeabi_ul2f
                0x00000000080003d4                __floatdisf
                0x00000000080003d4                __aeabi_l2f
 .text          0x0000000008000450      0x2a0 /opt/st/stm32cubeide_1.6.0/plugins/com.st.stm32cube.ide.mcu.externaltools.gnu-tools-for-stm32.9-2020-q2-update.linux64_1.5.0.202011040924/tools/bin/../lib/gcc/arm-none-eabi/9.3.1/thumb/v7-m/nofp/libgcc.a(_arm_muldivsf3.o)
                0x0000000008000450                __mulsf3
                0x0000000008000450                __aeabi_fmul
                0x00000000080005b8                __divsf3
                0x00000000080005b8                __aeabi_fdiv
 .text          0x00000000080006f0       0xec /opt/st/stm32cubeide_1.6.0/plugins/com.st.stm32cube.ide.mcu.externaltools.gnu-tools-for-stm32.9-2020-q2-update.linux64_1.5.0.202011040924/tools/bin/../lib/gcc/arm-none-eabi/9.3.1/thumb/v7-m/nofp/libgcc.a(_arm_cmpsf2.o)
                0x00000000080006f0                __gtsf2
                0x00000000080006f0                __gesf2
                0x00000000080006f8                __lesf2
                0x00000000080006f8                __ltsf2
                0x0000000008000700                __nesf2
                0x0000000008000700                __eqsf2
                0x0000000008000700                __cmpsf2
                0x0000000008000760                __aeabi_cfrcmple
                0x0000000008000768                __aeabi_cfcmple
                0x0000000008000768                __aeabi_cfcmpeq
                0x0000000008000778                __aeabi_fcmpeq
                0x000000000800078c                __aeabi_fcmplt
                0x00000000080007a0                __aeabi_fcmple
                0x00000000080007b4                __aeabi_fcmpge
                0x00000000080007c8                __aeabi_fcmpgt
 *(.text*)
 .text.main     0x00000000080007dc      0x174 Core/Src/main.o
                0x00000000080007dc                main
 .text.SystemClock_Config
                0x0000000008000950       0x8e Core/Src/main.o
                0x0000000008000950                SystemClock_Config
 *fill*         0x00000000080009de        0x2 
 .text.MX_SPI2_Init
                0x00000000080009e0       0x6c Core/Src/main.o
 .text.MX_USART1_UART_Init
                0x0000000008000a4c       0x54 Core/Src/main.o
 .text.MX_DMA_Init
                0x0000000008000aa0       0x4c Core/Src/main.o
 .text.MX_GPIO_Init
                0x0000000008000aec       0xcc Core/Src/main.o
 .text.MX_FSMC_Init
                0x0000000008000bb8       0xc8 Core/Src/main.o
 .text.inRegion
                0x0000000008000c80       0x56 Core/Src/main.o
                0x0000000008000c80                inRegion
 *fill*         0x0000000008000cd6        0x2 
 .text.sendCmd  0x0000000008000cd8       0x4c Core/Src/main.o
                0x0000000008000cd8                sendCmd
 .text.drawMainMenu
                0x0000000008000d24      0x18c Core/Src/main.o
                0x0000000008000d24                drawMainMenu
 .text.handleTouch
                0x0000000008000eb0      0x37c Core/Src/main.o
                0x0000000008000eb0                handleTouch
 .text.putTexts
                0x000000000800122c      0x19c Core/Src/main.o
                0x000000000800122c                putTexts
 .text.HAL_UART_RxCpltCallback
                0x00000000080013c8       0x68 Core/Src/main.o
                0x00000000080013c8                HAL_UART_RxCpltCallback
 .text.Error_Handler
                0x0000000008001430        0xa Core/Src/main.o
                0x0000000008001430                Error_Handler
 .text.SSD1963_WriteCommand
                0x000000000800143a       0x1c Core/Src/ssd1963_headerfile.o
                0x000000000800143a                SSD1963_WriteCommand
 *fill*         0x0000000008001456        0x2 
 .text.SSD1963_WriteData
                0x0000000008001458       0x20 Core/Src/ssd1963_headerfile.o
                0x0000000008001458                SSD1963_WriteData
 .text.SSD1963_Init
                0x0000000008001478      0x184 Core/Src/ssd1963_headerfile.o
                0x0000000008001478                SSD1963_Init
 .text.SSD1963_SetArea
                0x00000000080015fc       0x9a Core/Src/ssd1963_headerfile.o
                0x00000000080015fc                SSD1963_SetArea
 .text.SSD1963_ClearScreen
                0x0000000008001696       0x5a Core/Src/ssd1963_headerfile.o
                0x0000000008001696                SSD1963_ClearScreen
 .text.LCD_Show_Image
                0x00000000080016f0       0x80 Core/Src/ssd1963_headerfile.o
                0x00000000080016f0                LCD_Show_Image
 .text.lcd_draw_vertical_line
                0x0000000008001770       0x74 Core/Src/ssd1963_headerfile.o
                0x0000000008001770                lcd_draw_vertical_line
 .text.lcd_draw_horizental_line
                0x00000000080017e4       0x74 Core/Src/ssd1963_headerfile.o
                0x00000000080017e4                lcd_draw_horizental_line
 .text.str_whidth
                0x0000000008001858       0x6c Core/Src/ssd1963_headerfile.o
                0x0000000008001858                str_whidth
 .text.lcd_put_str2
                0x00000000080018c4      0x1cc Core/Src/ssd1963_headerfile.o
                0x00000000080018c4                lcd_put_str2
 .text.HAL_MspInit
                0x0000000008001a90       0x64 Core/Src/stm32f1xx_hal_msp.o
                0x0000000008001a90                HAL_MspInit
 .text.HAL_SPI_MspInit
                0x0000000008001af4       0x98 Core/Src/stm32f1xx_hal_msp.o
                0x0000000008001af4                HAL_SPI_MspInit
 .text.HAL_UART_MspInit
                0x0000000008001b8c      0x154 Core/Src/stm32f1xx_hal_msp.o
                0x0000000008001b8c                HAL_UART_MspInit
 .text.HAL_FSMC_MspInit
                0x0000000008001ce0       0x88 Core/Src/stm32f1xx_hal_msp.o
 .text.HAL_SRAM_MspInit
                0x0000000008001d68       0x14 Core/Src/stm32f1xx_hal_msp.o
                0x0000000008001d68                HAL_SRAM_MspInit
 .text.NMI_Handler
                0x0000000008001d7c        0x6 Core/Src/stm32f1xx_it.o
                0x0000000008001d7c                NMI_Handler
 .text.HardFault_Handler
                0x0000000008001d82        0x6 Core/Src/stm32f1xx_it.o
                0x0000000008001d82                HardFault_Handler
 .text.MemManage_Handler
                0x0000000008001d88        0x6 Core/Src/stm32f1xx_it.o
                0x0000000008001d88                MemManage_Handler
 .text.BusFault_Handler
                0x0000000008001d8e        0x6 Core/Src/stm32f1xx_it.o
                0x0000000008001d8e                BusFault_Handler
 .text.UsageFault_Handler
                0x0000000008001d94        0x6 Core/Src/stm32f1xx_it.o
                0x0000000008001d94                UsageFault_Handler
 .text.SVC_Handler
                0x0000000008001d9a        0xc Core/Src/stm32f1xx_it.o
                0x0000000008001d9a                SVC_Handler
 .text.DebugMon_Handler
                0x0000000008001da6        0xc Core/Src/stm32f1xx_it.o
                0x0000000008001da6                DebugMon_Handler
 .text.PendSV_Handler
                0x0000000008001db2        0xc Core/Src/stm32f1xx_it.o
                0x0000000008001db2                PendSV_Handler
 .text.SysTick_Handler
                0x0000000008001dbe        0xc Core/Src/stm32f1xx_it.o
                0x0000000008001dbe                SysTick_Handler
 *fill*         0x0000000008001dca        0x2 
 .text.DMA1_Channel4_IRQHandler
                0x0000000008001dcc       0x14 Core/Src/stm32f1xx_it.o
                0x0000000008001dcc                DMA1_Channel4_IRQHandler
 .text.DMA1_Channel5_IRQHandler
                0x0000000008001de0       0x14 Core/Src/stm32f1xx_it.o
                0x0000000008001de0                DMA1_Channel5_IRQHandler
 .text.USART1_IRQHandler
                0x0000000008001df4       0x14 Core/Src/stm32f1xx_it.o
                0x0000000008001df4                USART1_IRQHandler
 .text._sbrk    0x0000000008001e08       0x6c Core/Src/sysmem.o
                0x0000000008001e08                _sbrk
 .text.SystemInit
                0x0000000008001e74        0xc Core/Src/system_stm32f1xx.o
                0x0000000008001e74                SystemInit
 .text.ADS_Read_AD
                0x0000000008001e80       0xa0 Core/Src/tp.o
                0x0000000008001e80                ADS_Read_AD
 .text.ADS_Read_XY
                0x0000000008001f20       0xf8 Core/Src/tp.o
                0x0000000008001f20                ADS_Read_XY
 .text.tp_read3
                0x0000000008002018      0x190 Core/Src/tp.o
                0x0000000008002018                tp_read3
 .text.Init_TOUCH
                0x00000000080021a8        0xc Core/Src/tp.o
                0x00000000080021a8                Init_TOUCH
 .text.Reset_Handler
                0x00000000080021b4       0x48 Core/Startup/startup_stm32f103vetx.o
                0x00000000080021b4                Reset_Handler
 .text.Default_Handler
                0x00000000080021fc        0x2 Core/Startup/startup_stm32f103vetx.o
                0x00000000080021fc                RTC_Alarm_IRQHandler
                0x00000000080021fc                EXTI2_IRQHandler
                0x00000000080021fc                TIM8_TRG_COM_IRQHandler
                0x00000000080021fc                TIM8_CC_IRQHandler
                0x00000000080021fc                TIM1_CC_IRQHandler
                0x00000000080021fc                TIM6_IRQHandler
                0x00000000080021fc                PVD_IRQHandler
                0x00000000080021fc                SDIO_IRQHandler
                0x00000000080021fc                EXTI3_IRQHandler
                0x00000000080021fc                EXTI0_IRQHandler
                0x00000000080021fc                I2C2_EV_IRQHandler
                0x00000000080021fc                ADC1_2_IRQHandler
                0x00000000080021fc                SPI1_IRQHandler
                0x00000000080021fc                TAMPER_IRQHandler
                0x00000000080021fc                TIM8_UP_IRQHandler
                0x00000000080021fc                DMA2_Channel2_IRQHandler
                0x00000000080021fc                USART3_IRQHandler
                0x00000000080021fc                RTC_IRQHandler
                0x00000000080021fc                DMA1_Channel7_IRQHandler
                0x00000000080021fc                CAN1_RX1_IRQHandler
                0x00000000080021fc                UART5_IRQHandler
                0x00000000080021fc                ADC3_IRQHandler
                0x00000000080021fc                TIM4_IRQHandler
                0x00000000080021fc                DMA2_Channel1_IRQHandler
                0x00000000080021fc                I2C1_EV_IRQHandler
                0x00000000080021fc                DMA1_Channel6_IRQHandler
                0x00000000080021fc                UART4_IRQHandler
                0x00000000080021fc                TIM3_IRQHandler
                0x00000000080021fc                RCC_IRQHandler
                0x00000000080021fc                TIM1_TRG_COM_IRQHandler
                0x00000000080021fc                DMA1_Channel1_IRQHandler
                0x00000000080021fc                Default_Handler
                0x00000000080021fc                EXTI15_10_IRQHandler
                0x00000000080021fc                TIM7_IRQHandler
                0x00000000080021fc                TIM5_IRQHandler
                0x00000000080021fc                EXTI9_5_IRQHandler
                0x00000000080021fc                SPI2_IRQHandler
                0x00000000080021fc                EXTI4_IRQHandler
                0x00000000080021fc                USB_LP_CAN1_RX0_IRQHandler
                0x00000000080021fc                USB_HP_CAN1_TX_IRQHandler
                0x00000000080021fc                DMA1_Channel3_IRQHandler
                0x00000000080021fc                FSMC_IRQHandler
                0x00000000080021fc                TIM1_UP_IRQHandler
                0x00000000080021fc                WWDG_IRQHandler
                0x00000000080021fc                TIM2_IRQHandler
                0x00000000080021fc                TIM1_BRK_IRQHandler
                0x00000000080021fc                EXTI1_IRQHandler
                0x00000000080021fc                DMA2_Channel4_5_IRQHandler
                0x00000000080021fc                USART2_IRQHandler
                0x00000000080021fc                I2C2_ER_IRQHandler
                0x00000000080021fc                DMA1_Channel2_IRQHandler
                0x00000000080021fc                TIM8_BRK_IRQHandler
                0x00000000080021fc                CAN1_SCE_IRQHandler
                0x00000000080021fc                FLASH_IRQHandler
                0x00000000080021fc                SPI3_IRQHandler
                0x00000000080021fc                I2C1_ER_IRQHandler
                0x00000000080021fc                USBWakeUp_IRQHandler
                0x00000000080021fc                DMA2_Channel3_IRQHandler
 *fill*         0x00000000080021fe        0x2 
 .text.HAL_Init
                0x0000000008002200       0x2c Drivers/STM32F1xx_HAL_Driver/Src/stm32f1xx_hal.o
                0x0000000008002200                HAL_Init
 .text.HAL_InitTick
                0x000000000800222c       0x60 Drivers/STM32F1xx_HAL_Driver/Src/stm32f1xx_hal.o
                0x000000000800222c                HAL_InitTick
 .text.HAL_IncTick
                0x000000000800228c       0x24 Drivers/STM32F1xx_HAL_Driver/Src/stm32f1xx_hal.o
                0x000000000800228c                HAL_IncTick
 .text.HAL_GetTick
                0x00000000080022b0       0x14 Drivers/STM32F1xx_HAL_Driver/Src/stm32f1xx_hal.o
                0x00000000080022b0                HAL_GetTick
 .text.HAL_Delay
                0x00000000080022c4       0x48 Drivers/STM32F1xx_HAL_Driver/Src/stm32f1xx_hal.o
                0x00000000080022c4                HAL_Delay
 .text.__NVIC_SetPriorityGrouping
                0x000000000800230c       0x48 Drivers/STM32F1xx_HAL_Driver/Src/stm32f1xx_hal_cortex.o
 .text.__NVIC_GetPriorityGrouping
                0x0000000008002354       0x1c Drivers/STM32F1xx_HAL_Driver/Src/stm32f1xx_hal_cortex.o
 .text.__NVIC_EnableIRQ
                0x0000000008002370       0x38 Drivers/STM32F1xx_HAL_Driver/Src/stm32f1xx_hal_cortex.o
 .text.__NVIC_SetPriority
                0x00000000080023a8       0x54 Drivers/STM32F1xx_HAL_Driver/Src/stm32f1xx_hal_cortex.o
 .text.NVIC_EncodePriority
                0x00000000080023fc       0x64 Drivers/STM32F1xx_HAL_Driver/Src/stm32f1xx_hal_cortex.o
 .text.SysTick_Config
                0x0000000008002460       0x44 Drivers/STM32F1xx_HAL_Driver/Src/stm32f1xx_hal_cortex.o
 .text.HAL_NVIC_SetPriorityGrouping
                0x00000000080024a4       0x16 Drivers/STM32F1xx_HAL_Driver/Src/stm32f1xx_hal_cortex.o
                0x00000000080024a4                HAL_NVIC_SetPriorityGrouping
 .text.HAL_NVIC_SetPriority
                0x00000000080024ba       0x38 Drivers/STM32F1xx_HAL_Driver/Src/stm32f1xx_hal_cortex.o
                0x00000000080024ba                HAL_NVIC_SetPriority
 .text.HAL_NVIC_EnableIRQ
                0x00000000080024f2       0x1c Drivers/STM32F1xx_HAL_Driver/Src/stm32f1xx_hal_cortex.o
                0x00000000080024f2                HAL_NVIC_EnableIRQ
 .text.HAL_SYSTICK_Config
                0x000000000800250e       0x18 Drivers/STM32F1xx_HAL_Driver/Src/stm32f1xx_hal_cortex.o
                0x000000000800250e                HAL_SYSTICK_Config
 *fill*         0x0000000008002526        0x2 
 .text.HAL_DMA_Init
                0x0000000008002528       0xec Drivers/STM32F1xx_HAL_Driver/Src/stm32f1xx_hal_dma.o
                0x0000000008002528                HAL_DMA_Init
 .text.HAL_DMA_Start_IT
                0x0000000008002614       0xbe Drivers/STM32F1xx_HAL_Driver/Src/stm32f1xx_hal_dma.o
                0x0000000008002614                HAL_DMA_Start_IT
 *fill*         0x00000000080026d2        0x2 
 .text.HAL_DMA_Abort_IT
                0x00000000080026d4      0x210 Drivers/STM32F1xx_HAL_Driver/Src/stm32f1xx_hal_dma.o
                0x00000000080026d4                HAL_DMA_Abort_IT
 .text.HAL_DMA_IRQHandler
                0x00000000080028e4      0x478 Drivers/STM32F1xx_HAL_Driver/Src/stm32f1xx_hal_dma.o
                0x00000000080028e4                HAL_DMA_IRQHandler
 .text.DMA_SetConfig
                0x0000000008002d5c       0x5a Drivers/STM32F1xx_HAL_Driver/Src/stm32f1xx_hal_dma.o
 *fill*         0x0000000008002db6        0x2 
 .text.HAL_GPIO_Init
                0x0000000008002db8      0x328 Drivers/STM32F1xx_HAL_Driver/Src/stm32f1xx_hal_gpio.o
                0x0000000008002db8                HAL_GPIO_Init
 .text.HAL_GPIO_WritePin
                0x00000000080030e0       0x30 Drivers/STM32F1xx_HAL_Driver/Src/stm32f1xx_hal_gpio.o
                0x00000000080030e0                HAL_GPIO_WritePin
 .text.HAL_RCC_OscConfig
                0x0000000008003110      0x500 Drivers/STM32F1xx_HAL_Driver/Src/stm32f1xx_hal_rcc.o
                0x0000000008003110                HAL_RCC_OscConfig
 .text.HAL_RCC_ClockConfig
                0x0000000008003610      0x1d4 Drivers/STM32F1xx_HAL_Driver/Src/stm32f1xx_hal_rcc.o
                0x0000000008003610                HAL_RCC_ClockConfig
 .text.HAL_RCC_GetSysClockFreq
                0x00000000080037e4       0xc4 Drivers/STM32F1xx_HAL_Driver/Src/stm32f1xx_hal_rcc.o
                0x00000000080037e4                HAL_RCC_GetSysClockFreq
 .text.HAL_RCC_GetHCLKFreq
                0x00000000080038a8       0x14 Drivers/STM32F1xx_HAL_Driver/Src/stm32f1xx_hal_rcc.o
                0x00000000080038a8                HAL_RCC_GetHCLKFreq
 .text.HAL_RCC_GetPCLK1Freq
                0x00000000080038bc       0x28 Drivers/STM32F1xx_HAL_Driver/Src/stm32f1xx_hal_rcc.o
                0x00000000080038bc                HAL_RCC_GetPCLK1Freq
 .text.HAL_RCC_GetPCLK2Freq
                0x00000000080038e4       0x28 Drivers/STM32F1xx_HAL_Driver/Src/stm32f1xx_hal_rcc.o
                0x00000000080038e4                HAL_RCC_GetPCLK2Freq
 .text.RCC_Delay
                0x000000000800390c       0x3c Drivers/STM32F1xx_HAL_Driver/Src/stm32f1xx_hal_rcc.o
 .text.HAL_SPI_Init
                0x0000000008003948      0x108 Drivers/STM32F1xx_HAL_Driver/Src/stm32f1xx_hal_spi.o
                0x0000000008003948                HAL_SPI_Init
 .text.HAL_SPI_Transmit
                0x0000000008003a50      0x278 Drivers/STM32F1xx_HAL_Driver/Src/stm32f1xx_hal_spi.o
                0x0000000008003a50                HAL_SPI_Transmit
 .text.HAL_SPI_TransmitReceive
                0x0000000008003cc8      0x344 Drivers/STM32F1xx_HAL_Driver/Src/stm32f1xx_hal_spi.o
                0x0000000008003cc8                HAL_SPI_TransmitReceive
 .text.SPI_WaitFlagStateUntilTimeout
                0x000000000800400c      0x110 Drivers/STM32F1xx_HAL_Driver/Src/stm32f1xx_hal_spi.o
 .text.SPI_EndRxTxTransaction
                0x000000000800411c       0x3c Drivers/STM32F1xx_HAL_Driver/Src/stm32f1xx_hal_spi.o
 .text.HAL_SRAM_Init
                0x0000000008004158       0x9a Drivers/STM32F1xx_HAL_Driver/Src/stm32f1xx_hal_sram.o
                0x0000000008004158                HAL_SRAM_Init
 .text.HAL_UART_Init
                0x00000000080041f2       0x9a Drivers/STM32F1xx_HAL_Driver/Src/stm32f1xx_hal_uart.o
                0x00000000080041f2                HAL_UART_Init
 .text.HAL_UART_Transmit
                0x000000000800428c      0x124 Drivers/STM32F1xx_HAL_Driver/Src/stm32f1xx_hal_uart.o
                0x000000000800428c                HAL_UART_Transmit
 .text.HAL_UART_Transmit_DMA
                0x00000000080043b0       0xd8 Drivers/STM32F1xx_HAL_Driver/Src/stm32f1xx_hal_uart.o
                0x00000000080043b0                HAL_UART_Transmit_DMA
 .text.HAL_UART_IRQHandler
                0x0000000008004488      0x200 Drivers/STM32F1xx_HAL_Driver/Src/stm32f1xx_hal_uart.o
                0x0000000008004488                HAL_UART_IRQHandler
 .text.HAL_UART_TxCpltCallback
                0x0000000008004688       0x12 Drivers/STM32F1xx_HAL_Driver/Src/stm32f1xx_hal_uart.o
                0x0000000008004688                HAL_UART_TxCpltCallback
 .text.HAL_UART_TxHalfCpltCallback
                0x000000000800469a       0x12 Drivers/STM32F1xx_HAL_Driver/Src/stm32f1xx_hal_uart.o
                0x000000000800469a                HAL_UART_TxHalfCpltCallback
 .text.HAL_UART_ErrorCallback
                0x00000000080046ac       0x12 Drivers/STM32F1xx_HAL_Driver/Src/stm32f1xx_hal_uart.o
                0x00000000080046ac                HAL_UART_ErrorCallback
 .text.UART_DMATransmitCplt
                0x00000000080046be       0x52 Drivers/STM32F1xx_HAL_Driver/Src/stm32f1xx_hal_uart.o
 .text.UART_DMATxHalfCplt
                0x0000000008004710       0x1c Drivers/STM32F1xx_HAL_Driver/Src/stm32f1xx_hal_uart.o
 .text.UART_DMAError
                0x000000000800472c       0x94 Drivers/STM32F1xx_HAL_Driver/Src/stm32f1xx_hal_uart.o
 .text.UART_WaitOnFlagUntilTimeout
                0x00000000080047c0       0x94 Drivers/STM32F1xx_HAL_Driver/Src/stm32f1xx_hal_uart.o
 .text.UART_EndTxTransfer
                0x0000000008004854       0x2a Drivers/STM32F1xx_HAL_Driver/Src/stm32f1xx_hal_uart.o
 .text.UART_EndRxTransfer
                0x000000000800487e       0x3a Drivers/STM32F1xx_HAL_Driver/Src/stm32f1xx_hal_uart.o
 .text.UART_DMAAbortOnError
                0x00000000080048b8       0x28 Drivers/STM32F1xx_HAL_Driver/Src/stm32f1xx_hal_uart.o
 .text.UART_Transmit_IT
                0x00000000080048e0       0x9e Drivers/STM32F1xx_HAL_Driver/Src/stm32f1xx_hal_uart.o
 .text.UART_EndTransmit_IT
                0x000000000800497e       0x30 Drivers/STM32F1xx_HAL_Driver/Src/stm32f1xx_hal_uart.o
 .text.UART_Receive_IT
                0x00000000080049ae      0x100 Drivers/STM32F1xx_HAL_Driver/Src/stm32f1xx_hal_uart.o
 *fill*         0x0000000008004aae        0x2 
 .text.UART_SetConfig
                0x0000000008004ab0      0x11c Drivers/STM32F1xx_HAL_Driver/Src/stm32f1xx_hal_uart.o
 .text.FSMC_NORSRAM_Init
                0x0000000008004bcc       0xd4 Drivers/STM32F1xx_HAL_Driver/Src/stm32f1xx_ll_fsmc.o
                0x0000000008004bcc                FSMC_NORSRAM_Init
 .text.FSMC_NORSRAM_Timing_Init
                0x0000000008004ca0       0x68 Drivers/STM32F1xx_HAL_Driver/Src/stm32f1xx_ll_fsmc.o
                0x0000000008004ca0                FSMC_NORSRAM_Timing_Init
 .text.FSMC_NORSRAM_Extended_Timing_Init
                0x0000000008004d08       0x70 Drivers/STM32F1xx_HAL_Driver/Src/stm32f1xx_ll_fsmc.o
                0x0000000008004d08                FSMC_NORSRAM_Extended_Timing_Init
 .text.__errno  0x0000000008004d78        0xc /opt/st/stm32cubeide_1.6.0/plugins/com.st.stm32cube.ide.mcu.externaltools.gnu-tools-for-stm32.9-2020-q2-update.linux64_1.5.0.202011040924/tools/bin/../lib/gcc/arm-none-eabi/9.3.1/../../../../arm-none-eabi/lib/thumb/v7-m/nofp/libc_nano.a(lib_a-errno.o)
                0x0000000008004d78                __errno
 .text.__libc_init_array
                0x0000000008004d84       0x48 /opt/st/stm32cubeide_1.6.0/plugins/com.st.stm32cube.ide.mcu.externaltools.gnu-tools-for-stm32.9-2020-q2-update.linux64_1.5.0.202011040924/tools/bin/../lib/gcc/arm-none-eabi/9.3.1/../../../../arm-none-eabi/lib/thumb/v7-m/nofp/libc_nano.a(lib_a-init.o)
                0x0000000008004d84                __libc_init_array
 .text.memset   0x0000000008004dcc       0x10 /opt/st/stm32cubeide_1.6.0/plugins/com.st.stm32cube.ide.mcu.externaltools.gnu-tools-for-stm32.9-2020-q2-update.linux64_1.5.0.202011040924/tools/bin/../lib/gcc/arm-none-eabi/9.3.1/../../../../arm-none-eabi/lib/thumb/v7-m/nofp/libc_nano.a(lib_a-memset.o)
                0x0000000008004dcc                memset
 .text.sprintf  0x0000000008004ddc       0x40 /opt/st/stm32cubeide_1.6.0/plugins/com.st.stm32cube.ide.mcu.externaltools.gnu-tools-for-stm32.9-2020-q2-update.linux64_1.5.0.202011040924/tools/bin/../lib/gcc/arm-none-eabi/9.3.1/../../../../arm-none-eabi/lib/thumb/v7-m/nofp/libc_nano.a(lib_a-sprintf.o)
                0x0000000008004ddc                sprintf
                0x0000000008004ddc                siprintf
 .text.__ssputs_r
                0x0000000008004e1c       0xb6 /opt/st/stm32cubeide_1.6.0/plugins/com.st.stm32cube.ide.mcu.externaltools.gnu-tools-for-stm32.9-2020-q2-update.linux64_1.5.0.202011040924/tools/bin/../lib/gcc/arm-none-eabi/9.3.1/../../../../arm-none-eabi/lib/thumb/v7-m/nofp/libc_nano.a(lib_a-nano-svfprintf.o)
                0x0000000008004e1c                __ssputs_r
 *fill*         0x0000000008004ed2        0x2 
 .text._svfprintf_r
                0x0000000008004ed4      0x200 /opt/st/stm32cubeide_1.6.0/plugins/com.st.stm32cube.ide.mcu.externaltools.gnu-tools-for-stm32.9-2020-q2-update.linux64_1.5.0.202011040924/tools/bin/../lib/gcc/arm-none-eabi/9.3.1/../../../../arm-none-eabi/lib/thumb/v7-m/nofp/libc_nano.a(lib_a-nano-svfprintf.o)
                0x0000000008004ed4                _svfprintf_r
                0x0000000008004ed4                _svfiprintf_r
 .text._printf_common
                0x00000000080050d4       0xde /opt/st/stm32cubeide_1.6.0/plugins/com.st.stm32cube.ide.mcu.externaltools.gnu-tools-for-stm32.9-2020-q2-update.linux64_1.5.0.202011040924/tools/bin/../lib/gcc/arm-none-eabi/9.3.1/../../../../arm-none-eabi/lib/thumb/v7-m/nofp/libc_nano.a(lib_a-nano-vfprintf_i.o)
                0x00000000080050d4                _printf_common
 *fill*         0x00000000080051b2        0x2 
 .text._printf_i
                0x00000000080051b4      0x24c /opt/st/stm32cubeide_1.6.0/plugins/com.st.stm32cube.ide.mcu.externaltools.gnu-tools-for-stm32.9-2020-q2-update.linux64_1.5.0.202011040924/tools/bin/../lib/gcc/arm-none-eabi/9.3.1/../../../../arm-none-eabi/lib/thumb/v7-m/nofp/libc_nano.a(lib_a-nano-vfprintf_i.o)
                0x00000000080051b4                _printf_i
 .text.memchr   0x0000000008005400       0x1c /opt/st/stm32cubeide_1.6.0/plugins/com.st.stm32cube.ide.mcu.externaltools.gnu-tools-for-stm32.9-2020-q2-update.linux64_1.5.0.202011040924/tools/bin/../lib/gcc/arm-none-eabi/9.3.1/../../../../arm-none-eabi/lib/thumb/v7-m/nofp/libc_nano.a(lib_a-memchr-stub.o)
                0x0000000008005400                memchr
 .text.memcpy   0x000000000800541c       0x1c /opt/st/stm32cubeide_1.6.0/plugins/com.st.stm32cube.ide.mcu.externaltools.gnu-tools-for-stm32.9-2020-q2-update.linux64_1.5.0.202011040924/tools/bin/../lib/gcc/arm-none-eabi/9.3.1/../../../../arm-none-eabi/lib/thumb/v7-m/nofp/libc_nano.a(lib_a-memcpy-stub.o)
                0x000000000800541c                memcpy
 .text.memmove  0x0000000008005438       0x34 /opt/st/stm32cubeide_1.6.0/plugins/com.st.stm32cube.ide.mcu.externaltools.gnu-tools-for-stm32.9-2020-q2-update.linux64_1.5.0.202011040924/tools/bin/../lib/gcc/arm-none-eabi/9.3.1/../../../../arm-none-eabi/lib/thumb/v7-m/nofp/libc_nano.a(lib_a-memmove.o)
                0x0000000008005438                memmove
 .text._free_r  0x000000000800546c       0x98 /opt/st/stm32cubeide_1.6.0/plugins/com.st.stm32cube.ide.mcu.externaltools.gnu-tools-for-stm32.9-2020-q2-update.linux64_1.5.0.202011040924/tools/bin/../lib/gcc/arm-none-eabi/9.3.1/../../../../arm-none-eabi/lib/thumb/v7-m/nofp/libc_nano.a(lib_a-nano-freer.o)
                0x000000000800546c                _free_r
 .text._malloc_r
                0x0000000008005504       0xb4 /opt/st/stm32cubeide_1.6.0/plugins/com.st.stm32cube.ide.mcu.externaltools.gnu-tools-for-stm32.9-2020-q2-update.linux64_1.5.0.202011040924/tools/bin/../lib/gcc/arm-none-eabi/9.3.1/../../../../arm-none-eabi/lib/thumb/v7-m/nofp/libc_nano.a(lib_a-nano-mallocr.o)
                0x0000000008005504                _malloc_r
 .text._realloc_r
                0x00000000080055b8       0x4c /opt/st/stm32cubeide_1.6.0/plugins/com.st.stm32cube.ide.mcu.externaltools.gnu-tools-for-stm32.9-2020-q2-update.linux64_1.5.0.202011040924/tools/bin/../lib/gcc/arm-none-eabi/9.3.1/../../../../arm-none-eabi/lib/thumb/v7-m/nofp/libc_nano.a(lib_a-nano-reallocr.o)
                0x00000000080055b8                _realloc_r
 .text._sbrk_r  0x0000000008005604       0x20 /opt/st/stm32cubeide_1.6.0/plugins/com.st.stm32cube.ide.mcu.externaltools.gnu-tools-for-stm32.9-2020-q2-update.linux64_1.5.0.202011040924/tools/bin/../lib/gcc/arm-none-eabi/9.3.1/../../../../arm-none-eabi/lib/thumb/v7-m/nofp/libc_nano.a(lib_a-sbrkr.o)
                0x0000000008005604                _sbrk_r
 .text.__malloc_lock
                0x0000000008005624        0xc /opt/st/stm32cubeide_1.6.0/plugins/com.st.stm32cube.ide.mcu.externaltools.gnu-tools-for-stm32.9-2020-q2-update.linux64_1.5.0.202011040924/tools/bin/../lib/gcc/arm-none-eabi/9.3.1/../../../../arm-none-eabi/lib/thumb/v7-m/nofp/libc_nano.a(lib_a-mlock.o)
                0x0000000008005624                __malloc_lock
 .text.__malloc_unlock
                0x0000000008005630        0xc /opt/st/stm32cubeide_1.6.0/plugins/com.st.stm32cube.ide.mcu.externaltools.gnu-tools-for-stm32.9-2020-q2-update.linux64_1.5.0.202011040924/tools/bin/../lib/gcc/arm-none-eabi/9.3.1/../../../../arm-none-eabi/lib/thumb/v7-m/nofp/libc_nano.a(lib_a-mlock.o)
                0x0000000008005630                __malloc_unlock
 .text._malloc_usable_size_r
                0x000000000800563c       0x10 /opt/st/stm32cubeide_1.6.0/plugins/com.st.stm32cube.ide.mcu.externaltools.gnu-tools-for-stm32.9-2020-q2-update.linux64_1.5.0.202011040924/tools/bin/../lib/gcc/arm-none-eabi/9.3.1/../../../../arm-none-eabi/lib/thumb/v7-m/nofp/libc_nano.a(lib_a-nano-msizer.o)
                0x000000000800563c                _malloc_usable_size_r
 .text.__retarget_lock_acquire_recursive
                0x000000000800564c        0x2 /opt/st/stm32cubeide_1.6.0/plugins/com.st.stm32cube.ide.mcu.externaltools.gnu-tools-for-stm32.9-2020-q2-update.linux64_1.5.0.202011040924/tools/bin/../lib/gcc/arm-none-eabi/9.3.1/../../../../arm-none-eabi/lib/thumb/v7-m/nofp/libc_nano.a(lib_a-lock.o)
                0x000000000800564c                __retarget_lock_acquire_recursive
 .text.__retarget_lock_release_recursive
                0x000000000800564e        0x2 /opt/st/stm32cubeide_1.6.0/plugins/com.st.stm32cube.ide.mcu.externaltools.gnu-tools-for-stm32.9-2020-q2-update.linux64_1.5.0.202011040924/tools/bin/../lib/gcc/arm-none-eabi/9.3.1/../../../../arm-none-eabi/lib/thumb/v7-m/nofp/libc_nano.a(lib_a-lock.o)
                0x000000000800564e                __retarget_lock_release_recursive
 *(.glue_7)
 .glue_7        0x0000000008005650        0x0 linker stubs
 *(.glue_7t)
 .glue_7t       0x0000000008005650        0x0 linker stubs
 *(.eh_frame)
 .eh_frame      0x0000000008005650        0x0 /opt/st/stm32cubeide_1.6.0/plugins/com.st.stm32cube.ide.mcu.externaltools.gnu-tools-for-stm32.9-2020-q2-update.linux64_1.5.0.202011040924/tools/bin/../lib/gcc/arm-none-eabi/9.3.1/thumb/v7-m/nofp/crtbegin.o
 *(.init)
 .init          0x0000000008005650        0x4 /opt/st/stm32cubeide_1.6.0/plugins/com.st.stm32cube.ide.mcu.externaltools.gnu-tools-for-stm32.9-2020-q2-update.linux64_1.5.0.202011040924/tools/bin/../lib/gcc/arm-none-eabi/9.3.1/thumb/v7-m/nofp/crti.o
                0x0000000008005650                _init
 .init          0x0000000008005654        0x8 /opt/st/stm32cubeide_1.6.0/plugins/com.st.stm32cube.ide.mcu.externaltools.gnu-tools-for-stm32.9-2020-q2-update.linux64_1.5.0.202011040924/tools/bin/../lib/gcc/arm-none-eabi/9.3.1/thumb/v7-m/nofp/crtn.o
 *(.fini)
 .fini          0x000000000800565c        0x4 /opt/st/stm32cubeide_1.6.0/plugins/com.st.stm32cube.ide.mcu.externaltools.gnu-tools-for-stm32.9-2020-q2-update.linux64_1.5.0.202011040924/tools/bin/../lib/gcc/arm-none-eabi/9.3.1/thumb/v7-m/nofp/crti.o
                0x000000000800565c                _fini
 .fini          0x0000000008005660        0x8 /opt/st/stm32cubeide_1.6.0/plugins/com.st.stm32cube.ide.mcu.externaltools.gnu-tools-for-stm32.9-2020-q2-update.linux64_1.5.0.202011040924/tools/bin/../lib/gcc/arm-none-eabi/9.3.1/thumb/v7-m/nofp/crtn.o
                0x0000000008005668                . = ALIGN (0x4)
                0x0000000008005668                _etext = .

.vfp11_veneer   0x0000000008005668        0x0
 .vfp11_veneer  0x0000000008005668        0x0 linker stubs

.v4_bx          0x0000000008005668        0x0
 .v4_bx         0x0000000008005668        0x0 linker stubs

.iplt           0x0000000008005668        0x0
 .iplt          0x0000000008005668        0x0 /opt/st/stm32cubeide_1.6.0/plugins/com.st.stm32cube.ide.mcu.externaltools.gnu-tools-for-stm32.9-2020-q2-update.linux64_1.5.0.202011040924/tools/bin/../lib/gcc/arm-none-eabi/9.3.1/thumb/v7-m/nofp/crtbegin.o

.rodata         0x0000000008005668    0x60bcc
                0x0000000008005668                . = ALIGN (0x4)
 *(.rodata)
 .rodata        0x0000000008005668       0x44 Core/Src/main.o
 .rodata        0x00000000080056ac       0x10 Drivers/STM32F1xx_HAL_Driver/Src/stm32f1xx_hal_rcc.o
 *(.rodata*)
 .rodata.camera
                0x00000000080056bc     0x7084 Core/Src/camera.o
                0x00000000080056bc                camera
 .rodata.dec    0x000000000800c740     0x1c24 Core/Src/dec.o
                0x000000000800c740                dec
 .rodata.down   0x000000000800e364     0x1c24 Core/Src/down.o
                0x000000000800e364                down
 .rodata.fliphor
                0x000000000800ff88     0x7084 Core/Src/fliphor.o
                0x000000000800ff88                fliphor
 .rodata.flipver
                0x000000000801700c     0x7084 Core/Src/fliphver.o
                0x000000000801700c                flipver
 .rodata.foucosn
                0x000000000801e090     0x264c Core/Src/foucosn.o
                0x000000000801e090                foucosn
 .rodata.foucosp
                0x00000000080206dc     0x264c Core/Src/foucosp.o
                0x00000000080206dc                foucosp
 .rodata.gear   0x0000000008022d28     0x8e66 Core/Src/gear.o
                0x0000000008022d28                gear
 *fill*         0x000000000802bb8e        0x2 
 .rodata.inc    0x000000000802bb90     0x1c24 Core/Src/inc.o
                0x000000000802bb90                inc
 .rodata.iran   0x000000000802d7b4    0x1c9d4 Core/Src/iran.o
                0x000000000802d7b4                iran
 .rodata.left   0x000000000804a188     0x1c24 Core/Src/left.o
                0x000000000804a188                left
 .rodata.lightdown
                0x000000000804bdac     0x840c Core/Src/lightdown.o
                0x000000000804bdac                lightdown
 .rodata.lightup
                0x00000000080541b8     0x840c Core/Src/lightup.o
                0x00000000080541b8                lightup
 .rodata.right  0x000000000805c5c4     0x1c24 Core/Src/right.o
                0x000000000805c5c4                right
 .rodata.segoe_ui
                0x000000000805e1e8     0x1744 Core/Src/segoeui18.o
                0x000000000805e1e8                segoe_ui
 .rodata.AHBPrescTable
                0x000000000805f92c       0x10 Core/Src/system_stm32f1xx.o
                0x000000000805f92c                AHBPrescTable
 .rodata.APBPrescTable
                0x000000000805f93c        0x8 Core/Src/system_stm32f1xx.o
                0x000000000805f93c                APBPrescTable
 .rodata.up     0x000000000805f944     0x1c24 Core/Src/up.o
                0x000000000805f944                up
 .rodata.zoomin
                0x0000000008061568     0x264c Core/Src/zoomin.o
                0x0000000008061568                zoomin
 .rodata.zoomout
                0x0000000008063bb4     0x264c Core/Src/zoomout.o
                0x0000000008063bb4                zoomout
 .rodata._svfprintf_r.str1.1
                0x0000000008066200       0x11 /opt/st/stm32cubeide_1.6.0/plugins/com.st.stm32cube.ide.mcu.externaltools.gnu-tools-for-stm32.9-2020-q2-update.linux64_1.5.0.202011040924/tools/bin/../lib/gcc/arm-none-eabi/9.3.1/../../../../arm-none-eabi/lib/thumb/v7-m/nofp/libc_nano.a(lib_a-nano-svfprintf.o)
 .rodata._printf_i.str1.1
                0x0000000008066211       0x22 /opt/st/stm32cubeide_1.6.0/plugins/com.st.stm32cube.ide.mcu.externaltools.gnu-tools-for-stm32.9-2020-q2-update.linux64_1.5.0.202011040924/tools/bin/../lib/gcc/arm-none-eabi/9.3.1/../../../../arm-none-eabi/lib/thumb/v7-m/nofp/libc_nano.a(lib_a-nano-vfprintf_i.o)
                0x0000000008066234                . = ALIGN (0x4)
 *fill*         0x0000000008066233        0x1 

.rel.dyn        0x0000000008066234        0x0
 .rel.iplt      0x0000000008066234        0x0 /opt/st/stm32cubeide_1.6.0/plugins/com.st.stm32cube.ide.mcu.externaltools.gnu-tools-for-stm32.9-2020-q2-update.linux64_1.5.0.202011040924/tools/bin/../lib/gcc/arm-none-eabi/9.3.1/thumb/v7-m/nofp/crtbegin.o

.ARM.extab      0x0000000008066234        0x0
                0x0000000008066234                . = ALIGN (0x4)
 *(.ARM.extab* .gnu.linkonce.armextab.*)
                0x0000000008066234                . = ALIGN (0x4)

.ARM            0x0000000008066234        0x0
                0x0000000008066234                . = ALIGN (0x4)
                0x0000000008066234                __exidx_start = .
 *(.ARM.exidx*)
                0x0000000008066234                __exidx_end = .
                0x0000000008066234                . = ALIGN (0x4)

.preinit_array  0x0000000008066234        0x0
                0x0000000008066234                . = ALIGN (0x4)
                0x0000000008066234                PROVIDE (__preinit_array_start = .)
 *(.preinit_array*)
                0x0000000008066234                PROVIDE (__preinit_array_end = .)
                0x0000000008066234                . = ALIGN (0x4)

.init_array     0x0000000008066234        0x4
                0x0000000008066234                . = ALIGN (0x4)
                0x0000000008066234                PROVIDE (__init_array_start = .)
 *(SORT_BY_NAME(.init_array.*))
 *(.init_array*)
 .init_array    0x0000000008066234        0x4 /opt/st/stm32cubeide_1.6.0/plugins/com.st.stm32cube.ide.mcu.externaltools.gnu-tools-for-stm32.9-2020-q2-update.linux64_1.5.0.202011040924/tools/bin/../lib/gcc/arm-none-eabi/9.3.1/thumb/v7-m/nofp/crtbegin.o
                0x0000000008066238                PROVIDE (__init_array_end = .)
                0x0000000008066238                . = ALIGN (0x4)

.fini_array     0x0000000008066238        0x4
                0x0000000008066238                . = ALIGN (0x4)
                [!provide]                        PROVIDE (__fini_array_start = .)
 *(SORT_BY_NAME(.fini_array.*))
 *(.fini_array*)
 .fini_array    0x0000000008066238        0x4 /opt/st/stm32cubeide_1.6.0/plugins/com.st.stm32cube.ide.mcu.externaltools.gnu-tools-for-stm32.9-2020-q2-update.linux64_1.5.0.202011040924/tools/bin/../lib/gcc/arm-none-eabi/9.3.1/thumb/v7-m/nofp/crtbegin.o
                [!provide]                        PROVIDE (__fini_array_end = .)
                0x000000000806623c                . = ALIGN (0x4)
                0x000000000806623c                _sidata = LOADADDR (.data)

.data           0x0000000020000000       0x70 load address 0x000000000806623c
                0x0000000020000000                . = ALIGN (0x4)
                0x0000000020000000                _sdata = .
 *(.data)
 *(.data*)
 .data.SystemCoreClock
                0x0000000020000000        0x4 Core/Src/system_stm32f1xx.o
                0x0000000020000000                SystemCoreClock
 .data.uwTickPrio
                0x0000000020000004        0x4 Drivers/STM32F1xx_HAL_Driver/Src/stm32f1xx_hal.o
                0x0000000020000004                uwTickPrio
 .data.uwTickFreq
                0x0000000020000008        0x1 Drivers/STM32F1xx_HAL_Driver/Src/stm32f1xx_hal.o
                0x0000000020000008                uwTickFreq
 *fill*         0x0000000020000009        0x3 
 .data._impure_ptr
                0x000000002000000c        0x4 /opt/st/stm32cubeide_1.6.0/plugins/com.st.stm32cube.ide.mcu.externaltools.gnu-tools-for-stm32.9-2020-q2-update.linux64_1.5.0.202011040924/tools/bin/../lib/gcc/arm-none-eabi/9.3.1/../../../../arm-none-eabi/lib/thumb/v7-m/nofp/libc_nano.a(lib_a-impure.o)
                0x000000002000000c                _impure_ptr
 .data.impure_data
                0x0000000020000010       0x60 /opt/st/stm32cubeide_1.6.0/plugins/com.st.stm32cube.ide.mcu.externaltools.gnu-tools-for-stm32.9-2020-q2-update.linux64_1.5.0.202011040924/tools/bin/../lib/gcc/arm-none-eabi/9.3.1/../../../../arm-none-eabi/lib/thumb/v7-m/nofp/libc_nano.a(lib_a-impure.o)
 *(.RamFunc)
 *(.RamFunc*)
                0x0000000020000070                . = ALIGN (0x4)
                0x0000000020000070                _edata = .

.igot.plt       0x0000000020000070        0x0 load address 0x00000000080662ac
 .igot.plt      0x0000000020000070        0x0 /opt/st/stm32cubeide_1.6.0/plugins/com.st.stm32cube.ide.mcu.externaltools.gnu-tools-for-stm32.9-2020-q2-update.linux64_1.5.0.202011040924/tools/bin/../lib/gcc/arm-none-eabi/9.3.1/thumb/v7-m/nofp/crtbegin.o
                0x0000000020000070                . = ALIGN (0x4)

.bss            0x0000000020000070      0x220 load address 0x00000000080662ac
                0x0000000020000070                _sbss = .
                0x0000000020000070                __bss_start__ = _sbss
 *(.bss)
 .bss           0x0000000020000070       0x1c /opt/st/stm32cubeide_1.6.0/plugins/com.st.stm32cube.ide.mcu.externaltools.gnu-tools-for-stm32.9-2020-q2-update.linux64_1.5.0.202011040924/tools/bin/../lib/gcc/arm-none-eabi/9.3.1/thumb/v7-m/nofp/crtbegin.o
 *(.bss*)
 .bss.gear_cnt  0x000000002000008c        0x2 Core/Src/main.o
                0x000000002000008c                gear_cnt
 .bss.zoom_cnt  0x000000002000008e        0x2 Core/Src/main.o
                0x000000002000008e                zoom_cnt
 .bss.foucos_cnt
                0x0000000020000090        0x2 Core/Src/main.o
                0x0000000020000090                foucos_cnt
 .bss.light_cnt
                0x0000000020000092        0x2 Core/Src/main.o
                0x0000000020000092                light_cnt
 .bss.pos_cnt   0x0000000020000094        0x2 Core/Src/main.o
                0x0000000020000094                pos_cnt
 .bss.motor_cnt
                0x0000000020000096        0x2 Core/Src/main.o
                0x0000000020000096                motor_cnt
 .bss.fliph_cnt
                0x0000000020000098        0x2 Core/Src/main.o
                0x0000000020000098                fliph_cnt
 .bss.flipv_cnt
                0x000000002000009a        0x2 Core/Src/main.o
                0x000000002000009a                flipv_cnt
 .bss.s         0x000000002000009c        0x1 Core/Src/main.o
                0x000000002000009c                s
 *fill*         0x000000002000009d        0x1 
 .bss.xx        0x000000002000009e        0x2 Core/Src/main.o
                0x000000002000009e                xx
 .bss.FSMC_Initialized
                0x00000000200000a0        0x4 Core/Src/stm32f1xx_hal_msp.o
 .bss.__sbrk_heap_end
                0x00000000200000a4        0x4 Core/Src/sysmem.o
 .bss.te        0x00000000200000a8        0x4 Core/Src/tp.o
                0x00000000200000a8                te
 .bss.__malloc_free_list
                0x00000000200000ac        0x4 /opt/st/stm32cubeide_1.6.0/plugins/com.st.stm32cube.ide.mcu.externaltools.gnu-tools-for-stm32.9-2020-q2-update.linux64_1.5.0.202011040924/tools/bin/../lib/gcc/arm-none-eabi/9.3.1/../../../../arm-none-eabi/lib/thumb/v7-m/nofp/libc_nano.a(lib_a-nano-mallocr.o)
                0x00000000200000ac                __malloc_free_list
 .bss.__malloc_sbrk_start
                0x00000000200000b0        0x4 /opt/st/stm32cubeide_1.6.0/plugins/com.st.stm32cube.ide.mcu.externaltools.gnu-tools-for-stm32.9-2020-q2-update.linux64_1.5.0.202011040924/tools/bin/../lib/gcc/arm-none-eabi/9.3.1/../../../../arm-none-eabi/lib/thumb/v7-m/nofp/libc_nano.a(lib_a-nano-mallocr.o)
                0x00000000200000b0                __malloc_sbrk_start
 *(COMMON)
 COMMON         0x00000000200000b4      0x1c7 Core/Src/main.o
                0x00000000200000b4                x
                0x00000000200000b8                hspi2
                0x0000000020000110                myTx
                0x0000000020000114                hsram1
                0x000000002000015c                hdma_usart1_tx
                0x00000000200001a0                hdma_usart1_rx
                0x00000000200001e4                huart1
                0x0000000020000224                y
                0x0000000020000228                str
                0x0000000020000278                myRx
 *fill*         0x000000002000027b        0x1 
 COMMON         0x000000002000027c        0x4 Drivers/STM32F1xx_HAL_Driver/Src/stm32f1xx_hal.o
                0x000000002000027c                uwTick
 COMMON         0x0000000020000280        0x4 /opt/st/stm32cubeide_1.6.0/plugins/com.st.stm32cube.ide.mcu.externaltools.gnu-tools-for-stm32.9-2020-q2-update.linux64_1.5.0.202011040924/tools/bin/../lib/gcc/arm-none-eabi/9.3.1/../../../../arm-none-eabi/lib/thumb/v7-m/nofp/libc_nano.a(lib_a-reent.o)
                0x0000000020000280                errno
 COMMON         0x0000000020000284        0x9 /opt/st/stm32cubeide_1.6.0/plugins/com.st.stm32cube.ide.mcu.externaltools.gnu-tools-for-stm32.9-2020-q2-update.linux64_1.5.0.202011040924/tools/bin/../lib/gcc/arm-none-eabi/9.3.1/../../../../arm-none-eabi/lib/thumb/v7-m/nofp/libc_nano.a(lib_a-lock.o)
                0x0000000020000284                __lock___atexit_recursive_mutex
                0x0000000020000285                __lock___arc4random_mutex
                0x0000000020000286                __lock___env_recursive_mutex
                0x0000000020000287                __lock___sinit_recursive_mutex
                0x0000000020000288                __lock___malloc_recursive_mutex
                0x0000000020000289                __lock___at_quick_exit_mutex
                0x000000002000028a                __lock___dd_hash_mutex
                0x000000002000028b                __lock___tz_mutex
                0x000000002000028c                __lock___sfp_recursive_mutex
                0x0000000020000290                . = ALIGN (0x4)
 *fill*         0x000000002000028d        0x3 
                0x0000000020000290                _ebss = .
                0x0000000020000290                __bss_end__ = _ebss

._user_heap_stack
                0x0000000020000290      0x600 load address 0x00000000080662ac
                0x0000000020000290                . = ALIGN (0x8)
                [!provide]                        PROVIDE (end = .)
                0x0000000020000290                PROVIDE (_end = .)
                0x0000000020000490                . = (. + _Min_Heap_Size)
 *fill*         0x0000000020000290      0x200 
                0x0000000020000890                . = (. + _Min_Stack_Size)
 *fill*         0x0000000020000490      0x400 
                0x0000000020000890                . = ALIGN (0x8)

/DISCARD/
 libc.a(*)
 libm.a(*)
 libgcc.a(*)

.ARM.attributes
                0x0000000000000000       0x29
 *(.ARM.attributes)
 .ARM.attributes
                0x0000000000000000       0x1d /opt/st/stm32cubeide_1.6.0/plugins/com.st.stm32cube.ide.mcu.externaltools.gnu-tools-for-stm32.9-2020-q2-update.linux64_1.5.0.202011040924/tools/bin/../lib/gcc/arm-none-eabi/9.3.1/thumb/v7-m/nofp/crti.o
 .ARM.attributes
                0x000000000000001d       0x2d /opt/st/stm32cubeide_1.6.0/plugins/com.st.stm32cube.ide.mcu.externaltools.gnu-tools-for-stm32.9-2020-q2-update.linux64_1.5.0.202011040924/tools/bin/../lib/gcc/arm-none-eabi/9.3.1/thumb/v7-m/nofp/crtbegin.o
 .ARM.attributes
                0x000000000000004a       0x33 Core/Src/camera.o
 .ARM.attributes
                0x000000000000007d       0x33 Core/Src/dec.o
 .ARM.attributes
                0x00000000000000b0       0x33 Core/Src/down.o
 .ARM.attributes
                0x00000000000000e3       0x33 Core/Src/fliphor.o
 .ARM.attributes
                0x0000000000000116       0x33 Core/Src/fliphver.o
 .ARM.attributes
                0x0000000000000149       0x33 Core/Src/foucosn.o
 .ARM.attributes
                0x000000000000017c       0x33 Core/Src/foucosp.o
 .ARM.attributes
                0x00000000000001af       0x33 Core/Src/gear.o
 .ARM.attributes
                0x00000000000001e2       0x33 Core/Src/inc.o
 .ARM.attributes
                0x0000000000000215       0x33 Core/Src/iran.o
 .ARM.attributes
                0x0000000000000248       0x33 Core/Src/left.o
 .ARM.attributes
                0x000000000000027b       0x33 Core/Src/lightdown.o
 .ARM.attributes
                0x00000000000002ae       0x33 Core/Src/lightup.o
 .ARM.attributes
                0x00000000000002e1       0x2d Core/Src/main.o
 .ARM.attributes
                0x000000000000030e       0x33 Core/Src/right.o
 .ARM.attributes
                0x0000000000000341       0x33 Core/Src/segoeui18.o
 .ARM.attributes
                0x0000000000000374       0x2d Core/Src/ssd1963_headerfile.o
 .ARM.attributes
                0x00000000000003a1       0x2d Core/Src/stm32f1xx_hal_msp.o
 .ARM.attributes
                0x00000000000003ce       0x2d Core/Src/stm32f1xx_it.o
 .ARM.attributes
                0x00000000000003fb       0x2d Core/Src/sysmem.o
 .ARM.attributes
                0x0000000000000428       0x2d Core/Src/system_stm32f1xx.o
 .ARM.attributes
                0x0000000000000455       0x2d Core/Src/tp.o
 .ARM.attributes
                0x0000000000000482       0x33 Core/Src/up.o
 .ARM.attributes
                0x00000000000004b5       0x33 Core/Src/zoomin.o
 .ARM.attributes
                0x00000000000004e8       0x33 Core/Src/zoomout.o
 .ARM.attributes
                0x000000000000051b       0x21 Core/Startup/startup_stm32f103vetx.o
 .ARM.attributes
                0x000000000000053c       0x2d Drivers/STM32F1xx_HAL_Driver/Src/stm32f1xx_hal.o
 .ARM.attributes
                0x0000000000000569       0x2d Drivers/STM32F1xx_HAL_Driver/Src/stm32f1xx_hal_cortex.o
 .ARM.attributes
                0x0000000000000596       0x2d Drivers/STM32F1xx_HAL_Driver/Src/stm32f1xx_hal_dma.o
 .ARM.attributes
                0x00000000000005c3       0x2d Drivers/STM32F1xx_HAL_Driver/Src/stm32f1xx_hal_gpio.o
 .ARM.attributes
                0x00000000000005f0       0x2d Drivers/STM32F1xx_HAL_Driver/Src/stm32f1xx_hal_rcc.o
 .ARM.attributes
                0x000000000000061d       0x2d Drivers/STM32F1xx_HAL_Driver/Src/stm32f1xx_hal_spi.o
 .ARM.attributes
                0x000000000000064a       0x2d Drivers/STM32F1xx_HAL_Driver/Src/stm32f1xx_hal_sram.o
 .ARM.attributes
                0x0000000000000677       0x2d Drivers/STM32F1xx_HAL_Driver/Src/stm32f1xx_hal_uart.o
 .ARM.attributes
                0x00000000000006a4       0x2d Drivers/STM32F1xx_HAL_Driver/Src/stm32f1xx_ll_fsmc.o
 .ARM.attributes
                0x00000000000006d1       0x2d /opt/st/stm32cubeide_1.6.0/plugins/com.st.stm32cube.ide.mcu.externaltools.gnu-tools-for-stm32.9-2020-q2-update.linux64_1.5.0.202011040924/tools/bin/../lib/gcc/arm-none-eabi/9.3.1/../../../../arm-none-eabi/lib/thumb/v7-m/nofp/libc_nano.a(lib_a-errno.o)
 .ARM.attributes
                0x00000000000006fe       0x2d /opt/st/stm32cubeide_1.6.0/plugins/com.st.stm32cube.ide.mcu.externaltools.gnu-tools-for-stm32.9-2020-q2-update.linux64_1.5.0.202011040924/tools/bin/../lib/gcc/arm-none-eabi/9.3.1/../../../../arm-none-eabi/lib/thumb/v7-m/nofp/libc_nano.a(lib_a-impure.o)
 .ARM.attributes
                0x000000000000072b       0x2d /opt/st/stm32cubeide_1.6.0/plugins/com.st.stm32cube.ide.mcu.externaltools.gnu-tools-for-stm32.9-2020-q2-update.linux64_1.5.0.202011040924/tools/bin/../lib/gcc/arm-none-eabi/9.3.1/../../../../arm-none-eabi/lib/thumb/v7-m/nofp/libc_nano.a(lib_a-init.o)
 .ARM.attributes
                0x0000000000000758       0x2d /opt/st/stm32cubeide_1.6.0/plugins/com.st.stm32cube.ide.mcu.externaltools.gnu-tools-for-stm32.9-2020-q2-update.linux64_1.5.0.202011040924/tools/bin/../lib/gcc/arm-none-eabi/9.3.1/../../../../arm-none-eabi/lib/thumb/v7-m/nofp/libc_nano.a(lib_a-memset.o)
 .ARM.attributes
                0x0000000000000785       0x2d /opt/st/stm32cubeide_1.6.0/plugins/com.st.stm32cube.ide.mcu.externaltools.gnu-tools-for-stm32.9-2020-q2-update.linux64_1.5.0.202011040924/tools/bin/../lib/gcc/arm-none-eabi/9.3.1/../../../../arm-none-eabi/lib/thumb/v7-m/nofp/libc_nano.a(lib_a-sprintf.o)
 .ARM.attributes
                0x00000000000007b2       0x17 /opt/st/stm32cubeide_1.6.0/plugins/com.st.stm32cube.ide.mcu.externaltools.gnu-tools-for-stm32.9-2020-q2-update.linux64_1.5.0.202011040924/tools/bin/../lib/gcc/arm-none-eabi/9.3.1/../../../../arm-none-eabi/lib/thumb/v7-m/nofp/libc_nano.a(lib_a-strlen.o)
 .ARM.attributes
                0x00000000000007c9       0x2d /opt/st/stm32cubeide_1.6.0/plugins/com.st.stm32cube.ide.mcu.externaltools.gnu-tools-for-stm32.9-2020-q2-update.linux64_1.5.0.202011040924/tools/bin/../lib/gcc/arm-none-eabi/9.3.1/../../../../arm-none-eabi/lib/thumb/v7-m/nofp/libc_nano.a(lib_a-nano-svfprintf.o)
 .ARM.attributes
                0x00000000000007f6       0x2d /opt/st/stm32cubeide_1.6.0/plugins/com.st.stm32cube.ide.mcu.externaltools.gnu-tools-for-stm32.9-2020-q2-update.linux64_1.5.0.202011040924/tools/bin/../lib/gcc/arm-none-eabi/9.3.1/../../../../arm-none-eabi/lib/thumb/v7-m/nofp/libc_nano.a(lib_a-nano-vfprintf_i.o)
 .ARM.attributes
                0x0000000000000823       0x2d /opt/st/stm32cubeide_1.6.0/plugins/com.st.stm32cube.ide.mcu.externaltools.gnu-tools-for-stm32.9-2020-q2-update.linux64_1.5.0.202011040924/tools/bin/../lib/gcc/arm-none-eabi/9.3.1/../../../../arm-none-eabi/lib/thumb/v7-m/nofp/libc_nano.a(lib_a-memchr-stub.o)
 .ARM.attributes
                0x0000000000000850       0x2d /opt/st/stm32cubeide_1.6.0/plugins/com.st.stm32cube.ide.mcu.externaltools.gnu-tools-for-stm32.9-2020-q2-update.linux64_1.5.0.202011040924/tools/bin/../lib/gcc/arm-none-eabi/9.3.1/../../../../arm-none-eabi/lib/thumb/v7-m/nofp/libc_nano.a(lib_a-memcpy-stub.o)
 .ARM.attributes
                0x000000000000087d       0x2d /opt/st/stm32cubeide_1.6.0/plugins/com.st.stm32cube.ide.mcu.externaltools.gnu-tools-for-stm32.9-2020-q2-update.linux64_1.5.0.202011040924/tools/bin/../lib/gcc/arm-none-eabi/9.3.1/../../../../arm-none-eabi/lib/thumb/v7-m/nofp/libc_nano.a(lib_a-memmove.o)
 .ARM.attributes
                0x00000000000008aa       0x2d /opt/st/stm32cubeide_1.6.0/plugins/com.st.stm32cube.ide.mcu.externaltools.gnu-tools-for-stm32.9-2020-q2-update.linux64_1.5.0.202011040924/tools/bin/../lib/gcc/arm-none-eabi/9.3.1/../../../../arm-none-eabi/lib/thumb/v7-m/nofp/libc_nano.a(lib_a-nano-freer.o)
 .ARM.attributes
                0x00000000000008d7       0x2d /opt/st/stm32cubeide_1.6.0/plugins/com.st.stm32cube.ide.mcu.externaltools.gnu-tools-for-stm32.9-2020-q2-update.linux64_1.5.0.202011040924/tools/bin/../lib/gcc/arm-none-eabi/9.3.1/../../../../arm-none-eabi/lib/thumb/v7-m/nofp/libc_nano.a(lib_a-nano-mallocr.o)
 .ARM.attributes
                0x0000000000000904       0x2d /opt/st/stm32cubeide_1.6.0/plugins/com.st.stm32cube.ide.mcu.externaltools.gnu-tools-for-stm32.9-2020-q2-update.linux64_1.5.0.202011040924/tools/bin/../lib/gcc/arm-none-eabi/9.3.1/../../../../arm-none-eabi/lib/thumb/v7-m/nofp/libc_nano.a(lib_a-nano-reallocr.o)
 .ARM.attributes
                0x0000000000000931       0x2d /opt/st/stm32cubeide_1.6.0/plugins/com.st.stm32cube.ide.mcu.externaltools.gnu-tools-for-stm32.9-2020-q2-update.linux64_1.5.0.202011040924/tools/bin/../lib/gcc/arm-none-eabi/9.3.1/../../../../arm-none-eabi/lib/thumb/v7-m/nofp/libc_nano.a(lib_a-sbrkr.o)
 .ARM.attributes
                0x000000000000095e       0x2d /opt/st/stm32cubeide_1.6.0/plugins/com.st.stm32cube.ide.mcu.externaltools.gnu-tools-for-stm32.9-2020-q2-update.linux64_1.5.0.202011040924/tools/bin/../lib/gcc/arm-none-eabi/9.3.1/../../../../arm-none-eabi/lib/thumb/v7-m/nofp/libc_nano.a(lib_a-mlock.o)
 .ARM.attributes
                0x000000000000098b       0x2d /opt/st/stm32cubeide_1.6.0/plugins/com.st.stm32cube.ide.mcu.externaltools.gnu-tools-for-stm32.9-2020-q2-update.linux64_1.5.0.202011040924/tools/bin/../lib/gcc/arm-none-eabi/9.3.1/../../../../arm-none-eabi/lib/thumb/v7-m/nofp/libc_nano.a(lib_a-nano-msizer.o)
 .ARM.attributes
                0x00000000000009b8       0x2d /opt/st/stm32cubeide_1.6.0/plugins/com.st.stm32cube.ide.mcu.externaltools.gnu-tools-for-stm32.9-2020-q2-update.linux64_1.5.0.202011040924/tools/bin/../lib/gcc/arm-none-eabi/9.3.1/../../../../arm-none-eabi/lib/thumb/v7-m/nofp/libc_nano.a(lib_a-reent.o)
 .ARM.attributes
                0x00000000000009e5       0x2d /opt/st/stm32cubeide_1.6.0/plugins/com.st.stm32cube.ide.mcu.externaltools.gnu-tools-for-stm32.9-2020-q2-update.linux64_1.5.0.202011040924/tools/bin/../lib/gcc/arm-none-eabi/9.3.1/../../../../arm-none-eabi/lib/thumb/v7-m/nofp/libc_nano.a(lib_a-lock.o)
 .ARM.attributes
                0x0000000000000a12       0x1d /opt/st/stm32cubeide_1.6.0/plugins/com.st.stm32cube.ide.mcu.externaltools.gnu-tools-for-stm32.9-2020-q2-update.linux64_1.5.0.202011040924/tools/bin/../lib/gcc/arm-none-eabi/9.3.1/thumb/v7-m/nofp/libgcc.a(_arm_addsubsf3.o)
 .ARM.attributes
                0x0000000000000a2f       0x1d /opt/st/stm32cubeide_1.6.0/plugins/com.st.stm32cube.ide.mcu.externaltools.gnu-tools-for-stm32.9-2020-q2-update.linux64_1.5.0.202011040924/tools/bin/../lib/gcc/arm-none-eabi/9.3.1/thumb/v7-m/nofp/libgcc.a(_arm_muldivsf3.o)
 .ARM.attributes
                0x0000000000000a4c       0x1d /opt/st/stm32cubeide_1.6.0/plugins/com.st.stm32cube.ide.mcu.externaltools.gnu-tools-for-stm32.9-2020-q2-update.linux64_1.5.0.202011040924/tools/bin/../lib/gcc/arm-none-eabi/9.3.1/thumb/v7-m/nofp/libgcc.a(_arm_cmpsf2.o)
 .ARM.attributes
                0x0000000000000a69       0x1d /opt/st/stm32cubeide_1.6.0/plugins/com.st.stm32cube.ide.mcu.externaltools.gnu-tools-for-stm32.9-2020-q2-update.linux64_1.5.0.202011040924/tools/bin/../lib/gcc/arm-none-eabi/9.3.1/thumb/v7-m/nofp/crtn.o
OUTPUT(f1tp.elf elf32-littlearm)
LOAD linker stubs
LOAD /opt/st/stm32cubeide_1.6.0/plugins/com.st.stm32cube.ide.mcu.externaltools.gnu-tools-for-stm32.9-2020-q2-update.linux64_1.5.0.202011040924/tools/bin/../lib/gcc/arm-none-eabi/9.3.1/../../../../arm-none-eabi/lib/thumb/v7-m/nofp/libc.a
LOAD /opt/st/stm32cubeide_1.6.0/plugins/com.st.stm32cube.ide.mcu.externaltools.gnu-tools-for-stm32.9-2020-q2-update.linux64_1.5.0.202011040924/tools/bin/../lib/gcc/arm-none-eabi/9.3.1/../../../../arm-none-eabi/lib/thumb/v7-m/nofp/libm.a
LOAD /opt/st/stm32cubeide_1.6.0/plugins/com.st.stm32cube.ide.mcu.externaltools.gnu-tools-for-stm32.9-2020-q2-update.linux64_1.5.0.202011040924/tools/bin/../lib/gcc/arm-none-eabi/9.3.1/thumb/v7-m/nofp/libgcc.a

.debug_info     0x0000000000000000     0xd949
 .debug_info    0x0000000000000000       0x5d Core/Src/camera.o
 .debug_info    0x000000000000005d       0x5d Core/Src/dec.o
 .debug_info    0x00000000000000ba       0x5d Core/Src/down.o
 .debug_info    0x0000000000000117       0x5d Core/Src/fliphor.o
 .debug_info    0x0000000000000174       0x5d Core/Src/fliphver.o
 .debug_info    0x00000000000001d1       0x5d Core/Src/foucosn.o
 .debug_info    0x000000000000022e       0x5d Core/Src/foucosp.o
 .debug_info    0x000000000000028b       0x5d Core/Src/gear.o
 .debug_info    0x00000000000002e8       0x5d Core/Src/inc.o
 .debug_info    0x0000000000000345       0x5f Core/Src/iran.o
 .debug_info    0x00000000000003a4       0x5d Core/Src/left.o
 .debug_info    0x0000000000000401       0x5d Core/Src/lightdown.o
 .debug_info    0x000000000000045e       0x5d Core/Src/lightup.o
 .debug_info    0x00000000000004bb     0x1db6 Core/Src/main.o
 .debug_info    0x0000000000002271       0x5d Core/Src/right.o
 .debug_info    0x00000000000022ce       0x5d Core/Src/segoeui18.o
 .debug_info    0x000000000000232b      0xfa0 Core/Src/ssd1963_headerfile.o
 .debug_info    0x00000000000032cb     0x1080 Core/Src/stm32f1xx_hal_msp.o
 .debug_info    0x000000000000434b      0x6de Core/Src/stm32f1xx_it.o
 .debug_info    0x0000000000004a29      0xa25 Core/Src/sysmem.o
 .debug_info    0x000000000000544e      0x2be Core/Src/system_stm32f1xx.o
 .debug_info    0x000000000000570c     0x1335 Core/Src/tp.o
 .debug_info    0x0000000000006a41       0x5c Core/Src/up.o
 .debug_info    0x0000000000006a9d       0x5d Core/Src/zoomin.o
 .debug_info    0x0000000000006afa       0x5d Core/Src/zoomout.o
 .debug_info    0x0000000000006b57       0x22 Core/Startup/startup_stm32f103vetx.o
 .debug_info    0x0000000000006b79      0x7d0 Drivers/STM32F1xx_HAL_Driver/Src/stm32f1xx_hal.o
 .debug_info    0x0000000000007349      0xc42 Drivers/STM32F1xx_HAL_Driver/Src/stm32f1xx_hal_cortex.o
 .debug_info    0x0000000000007f8b      0x81e Drivers/STM32F1xx_HAL_Driver/Src/stm32f1xx_hal_dma.o
 .debug_info    0x00000000000087a9      0x701 Drivers/STM32F1xx_HAL_Driver/Src/stm32f1xx_hal_gpio.o
 .debug_info    0x0000000000008eaa      0x88e Drivers/STM32F1xx_HAL_Driver/Src/stm32f1xx_hal_rcc.o
 .debug_info    0x0000000000009738     0x16bd Drivers/STM32F1xx_HAL_Driver/Src/stm32f1xx_hal_spi.o
 .debug_info    0x000000000000adf5      0xd4b Drivers/STM32F1xx_HAL_Driver/Src/stm32f1xx_hal_sram.o
 .debug_info    0x000000000000bb40     0x1322 Drivers/STM32F1xx_HAL_Driver/Src/stm32f1xx_hal_uart.o
 .debug_info    0x000000000000ce62      0xae7 Drivers/STM32F1xx_HAL_Driver/Src/stm32f1xx_ll_fsmc.o

.debug_abbrev   0x0000000000000000     0x27f6
 .debug_abbrev  0x0000000000000000       0x4a Core/Src/camera.o
 .debug_abbrev  0x000000000000004a       0x4a Core/Src/dec.o
 .debug_abbrev  0x0000000000000094       0x4a Core/Src/down.o
 .debug_abbrev  0x00000000000000de       0x4a Core/Src/fliphor.o
 .debug_abbrev  0x0000000000000128       0x4a Core/Src/fliphver.o
 .debug_abbrev  0x0000000000000172       0x4a Core/Src/foucosn.o
 .debug_abbrev  0x00000000000001bc       0x4a Core/Src/foucosp.o
 .debug_abbrev  0x0000000000000206       0x4a Core/Src/gear.o
 .debug_abbrev  0x0000000000000250       0x4a Core/Src/inc.o
 .debug_abbrev  0x000000000000029a       0x4a Core/Src/iran.o
 .debug_abbrev  0x00000000000002e4       0x4a Core/Src/left.o
 .debug_abbrev  0x000000000000032e       0x4a Core/Src/lightdown.o
 .debug_abbrev  0x0000000000000378       0x4a Core/Src/lightup.o
 .debug_abbrev  0x00000000000003c2      0x33a Core/Src/main.o
 .debug_abbrev  0x00000000000006fc       0x4a Core/Src/right.o
 .debug_abbrev  0x0000000000000746       0x4a Core/Src/segoeui18.o
 .debug_abbrev  0x0000000000000790      0x2af Core/Src/ssd1963_headerfile.o
 .debug_abbrev  0x0000000000000a3f      0x225 Core/Src/stm32f1xx_hal_msp.o
 .debug_abbrev  0x0000000000000c64      0x163 Core/Src/stm32f1xx_it.o
 .debug_abbrev  0x0000000000000dc7      0x1bf Core/Src/sysmem.o
 .debug_abbrev  0x0000000000000f86      0x14e Core/Src/system_stm32f1xx.o
 .debug_abbrev  0x00000000000010d4      0x231 Core/Src/tp.o
 .debug_abbrev  0x0000000000001305       0x4a Core/Src/up.o
 .debug_abbrev  0x000000000000134f       0x4a Core/Src/zoomin.o
 .debug_abbrev  0x0000000000001399       0x4a Core/Src/zoomout.o
 .debug_abbrev  0x00000000000013e3       0x12 Core/Startup/startup_stm32f103vetx.o
 .debug_abbrev  0x00000000000013f5      0x1ed Drivers/STM32F1xx_HAL_Driver/Src/stm32f1xx_hal.o
 .debug_abbrev  0x00000000000015e2      0x313 Drivers/STM32F1xx_HAL_Driver/Src/stm32f1xx_hal_cortex.o
 .debug_abbrev  0x00000000000018f5      0x228 Drivers/STM32F1xx_HAL_Driver/Src/stm32f1xx_hal_dma.o
 .debug_abbrev  0x0000000000001b1d      0x1e8 Drivers/STM32F1xx_HAL_Driver/Src/stm32f1xx_hal_gpio.o
 .debug_abbrev  0x0000000000001d05      0x273 Drivers/STM32F1xx_HAL_Driver/Src/stm32f1xx_hal_rcc.o
 .debug_abbrev  0x0000000000001f78      0x26e Drivers/STM32F1xx_HAL_Driver/Src/stm32f1xx_hal_spi.o
 .debug_abbrev  0x00000000000021e6      0x1f2 Drivers/STM32F1xx_HAL_Driver/Src/stm32f1xx_hal_sram.o
 .debug_abbrev  0x00000000000023d8      0x270 Drivers/STM32F1xx_HAL_Driver/Src/stm32f1xx_hal_uart.o
 .debug_abbrev  0x0000000000002648      0x1ae Drivers/STM32F1xx_HAL_Driver/Src/stm32f1xx_ll_fsmc.o

.debug_aranges  0x0000000000000000      0xca0
 .debug_aranges
                0x0000000000000000       0x18 Core/Src/camera.o
 .debug_aranges
                0x0000000000000018       0x18 Core/Src/dec.o
 .debug_aranges
                0x0000000000000030       0x18 Core/Src/down.o
 .debug_aranges
                0x0000000000000048       0x18 Core/Src/fliphor.o
 .debug_aranges
                0x0000000000000060       0x18 Core/Src/fliphver.o
 .debug_aranges
                0x0000000000000078       0x18 Core/Src/foucosn.o
 .debug_aranges
                0x0000000000000090       0x18 Core/Src/foucosp.o
 .debug_aranges
                0x00000000000000a8       0x18 Core/Src/gear.o
 .debug_aranges
                0x00000000000000c0       0x18 Core/Src/inc.o
 .debug_aranges
                0x00000000000000d8       0x18 Core/Src/iran.o
 .debug_aranges
                0x00000000000000f0       0x18 Core/Src/left.o
 .debug_aranges
                0x0000000000000108       0x18 Core/Src/lightdown.o
 .debug_aranges
                0x0000000000000120       0x18 Core/Src/lightup.o
 .debug_aranges
                0x0000000000000138       0x88 Core/Src/main.o
 .debug_aranges
                0x00000000000001c0       0x18 Core/Src/right.o
 .debug_aranges
                0x00000000000001d8       0x18 Core/Src/segoeui18.o
 .debug_aranges
                0x00000000000001f0       0x80 Core/Src/ssd1963_headerfile.o
 .debug_aranges
                0x0000000000000270       0x60 Core/Src/stm32f1xx_hal_msp.o
 .debug_aranges
                0x00000000000002d0       0x78 Core/Src/stm32f1xx_it.o
 .debug_aranges
                0x0000000000000348       0x20 Core/Src/sysmem.o
 .debug_aranges
                0x0000000000000368       0x28 Core/Src/system_stm32f1xx.o
 .debug_aranges
                0x0000000000000390       0x58 Core/Src/tp.o
 .debug_aranges
                0x00000000000003e8       0x18 Core/Src/up.o
 .debug_aranges
                0x0000000000000400       0x18 Core/Src/zoomin.o
 .debug_aranges
                0x0000000000000418       0x18 Core/Src/zoomout.o
 .debug_aranges
                0x0000000000000430       0x28 Core/Startup/startup_stm32f103vetx.o
 .debug_aranges
                0x0000000000000458       0xe0 Drivers/STM32F1xx_HAL_Driver/Src/stm32f1xx_hal.o
 .debug_aranges
                0x0000000000000538      0x100 Drivers/STM32F1xx_HAL_Driver/Src/stm32f1xx_hal_cortex.o
 .debug_aranges
                0x0000000000000638       0x80 Drivers/STM32F1xx_HAL_Driver/Src/stm32f1xx_hal_dma.o
 .debug_aranges
                0x00000000000006b8       0x58 Drivers/STM32F1xx_HAL_Driver/Src/stm32f1xx_hal_gpio.o
 .debug_aranges
                0x0000000000000710       0x90 Drivers/STM32F1xx_HAL_Driver/Src/stm32f1xx_hal_rcc.o
 .debug_aranges
                0x00000000000007a0      0x1d0 Drivers/STM32F1xx_HAL_Driver/Src/stm32f1xx_hal_spi.o
 .debug_aranges
                0x0000000000000970       0xb8 Drivers/STM32F1xx_HAL_Driver/Src/stm32f1xx_hal_sram.o
 .debug_aranges
                0x0000000000000a28      0x1d0 Drivers/STM32F1xx_HAL_Driver/Src/stm32f1xx_hal_uart.o
 .debug_aranges
                0x0000000000000bf8       0xa8 Drivers/STM32F1xx_HAL_Driver/Src/stm32f1xx_ll_fsmc.o

.debug_macro    0x0000000000000000    0x1a656
 .debug_macro   0x0000000000000000       0x11 Core/Src/camera.o
 .debug_macro   0x0000000000000011      0xa9c Core/Src/camera.o
 .debug_macro   0x0000000000000aad       0x11 Core/Src/dec.o
 .debug_macro   0x0000000000000abe       0x11 Core/Src/down.o
 .debug_macro   0x0000000000000acf       0x11 Core/Src/fliphor.o
 .debug_macro   0x0000000000000ae0       0x11 Core/Src/fliphver.o
 .debug_macro   0x0000000000000af1       0x11 Core/Src/foucosn.o
 .debug_macro   0x0000000000000b02       0x11 Core/Src/foucosp.o
 .debug_macro   0x0000000000000b13       0x11 Core/Src/gear.o
 .debug_macro   0x0000000000000b24       0x11 Core/Src/inc.o
 .debug_macro   0x0000000000000b35       0x11 Core/Src/iran.o
 .debug_macro   0x0000000000000b46       0x11 Core/Src/left.o
 .debug_macro   0x0000000000000b57       0x11 Core/Src/lightdown.o
 .debug_macro   0x0000000000000b68       0x11 Core/Src/lightup.o
 .debug_macro   0x0000000000000b79      0x516 Core/Src/main.o
 .debug_macro   0x000000000000108f      0x227 Core/Src/main.o
 .debug_macro   0x00000000000012b6       0x2e Core/Src/main.o
 .debug_macro   0x00000000000012e4       0x22 Core/Src/main.o
 .debug_macro   0x0000000000001306       0x22 Core/Src/main.o
 .debug_macro   0x0000000000001328       0x8e Core/Src/main.o
 .debug_macro   0x00000000000013b6       0x51 Core/Src/main.o
 .debug_macro   0x0000000000001407      0x103 Core/Src/main.o
 .debug_macro   0x000000000000150a       0x6a Core/Src/main.o
 .debug_macro   0x0000000000001574      0x1df Core/Src/main.o
 .debug_macro   0x0000000000001753       0x1c Core/Src/main.o
 .debug_macro   0x000000000000176f       0x22 Core/Src/main.o
 .debug_macro   0x0000000000001791       0xc3 Core/Src/main.o
 .debug_macro   0x0000000000001854      0xd23 Core/Src/main.o
 .debug_macro   0x0000000000002577     0xfd85 Core/Src/main.o
 .debug_macro   0x00000000000122fc       0x43 Core/Src/main.o
 .debug_macro   0x000000000001233f     0x3468 Core/Src/main.o
 .debug_macro   0x00000000000157a7      0x174 Core/Src/main.o
 .debug_macro   0x000000000001591b       0x5c Core/Src/main.o
 .debug_macro   0x0000000000015977      0x5be Core/Src/main.o
 .debug_macro   0x0000000000015f35      0x4d5 Core/Src/main.o
 .debug_macro   0x000000000001640a      0x1cb Core/Src/main.o
 .debug_macro   0x00000000000165d5      0x114 Core/Src/main.o
 .debug_macro   0x00000000000166e9      0x1ea Core/Src/main.o
 .debug_macro   0x00000000000168d3       0x27 Core/Src/main.o
 .debug_macro   0x00000000000168fa      0x144 Core/Src/main.o
 .debug_macro   0x0000000000016a3e      0x1bc Core/Src/main.o
 .debug_macro   0x0000000000016bfa       0x30 Core/Src/main.o
 .debug_macro   0x0000000000016c2a       0x3c Core/Src/main.o
 .debug_macro   0x0000000000016c66       0x57 Core/Src/main.o
 .debug_macro   0x0000000000016cbd       0x88 Core/Src/main.o
 .debug_macro   0x0000000000016d45      0x24f Core/Src/main.o
 .debug_macro   0x0000000000016f94      0x356 Core/Src/main.o
 .debug_macro   0x00000000000172ea      0x141 Core/Src/main.o
 .debug_macro   0x000000000001742b      0x217 Core/Src/main.o
 .debug_macro   0x0000000000017642      0x26b Core/Src/main.o
 .debug_macro   0x00000000000178ad       0xb5 Core/Src/main.o
 .debug_macro   0x0000000000017962       0x1c Core/Src/main.o
 .debug_macro   0x000000000001797e       0x52 Core/Src/main.o
 .debug_macro   0x00000000000179d0       0x18 Core/Src/main.o
 .debug_macro   0x00000000000179e8       0x3c Core/Src/main.o
 .debug_macro   0x0000000000017a24       0x34 Core/Src/main.o
 .debug_macro   0x0000000000017a58       0x16 Core/Src/main.o
 .debug_macro   0x0000000000017a6e       0x43 Core/Src/main.o
 .debug_macro   0x0000000000017ab1       0x34 Core/Src/main.o
 .debug_macro   0x0000000000017ae5       0x10 Core/Src/main.o
 .debug_macro   0x0000000000017af5       0x58 Core/Src/main.o
 .debug_macro   0x0000000000017b4d       0x71 Core/Src/main.o
 .debug_macro   0x0000000000017bbe       0x1c Core/Src/main.o
 .debug_macro   0x0000000000017bda      0x12a Core/Src/main.o
 .debug_macro   0x0000000000017d04      0x333 Core/Src/main.o
 .debug_macro   0x0000000000018037       0x10 Core/Src/main.o
 .debug_macro   0x0000000000018047       0x35 Core/Src/main.o
 .debug_macro   0x000000000001807c       0x20 Core/Src/main.o
 .debug_macro   0x000000000001809c      0x3aa Core/Src/main.o
 .debug_macro   0x0000000000018446       0x5e Core/Src/main.o
 .debug_macro   0x00000000000184a4       0x1c Core/Src/main.o
 .debug_macro   0x00000000000184c0       0x10 Core/Src/main.o
 .debug_macro   0x00000000000184d0       0x10 Core/Src/main.o
 .debug_macro   0x00000000000184e0       0x1c Core/Src/main.o
 .debug_macro   0x00000000000184fc       0x52 Core/Src/main.o
 .debug_macro   0x000000000001854e       0x22 Core/Src/main.o
 .debug_macro   0x0000000000018570       0x10 Core/Src/main.o
 .debug_macro   0x0000000000018580       0x40 Core/Src/main.o
 .debug_macro   0x00000000000185c0       0xd5 Core/Src/main.o
 .debug_macro   0x0000000000018695       0x1c Core/Src/main.o
 .debug_macro   0x00000000000186b1       0x3d Core/Src/main.o
 .debug_macro   0x00000000000186ee       0x16 Core/Src/main.o
 .debug_macro   0x0000000000018704      0x145 Core/Src/main.o
 .debug_macro   0x0000000000018849       0x11 Core/Src/right.o
 .debug_macro   0x000000000001885a       0x11 Core/Src/segoeui18.o
 .debug_macro   0x000000000001886b      0x289 Core/Src/ssd1963_headerfile.o
 .debug_macro   0x0000000000018af4      0x1c1 Core/Src/stm32f1xx_hal_msp.o
 .debug_macro   0x0000000000018cb5      0x1cb Core/Src/stm32f1xx_it.o
 .debug_macro   0x0000000000018e80       0xff Core/Src/sysmem.o
 .debug_macro   0x0000000000018f7f      0x23b Core/Src/sysmem.o
 .debug_macro   0x00000000000191ba      0x1b2 Core/Src/system_stm32f1xx.o
 .debug_macro   0x000000000001936c      0x292 Core/Src/tp.o
 .debug_macro   0x00000000000195fe       0x11 Core/Src/up.o
 .debug_macro   0x000000000001960f       0x11 Core/Src/zoomin.o
 .debug_macro   0x0000000000019620       0x11 Core/Src/zoomout.o
 .debug_macro   0x0000000000019631      0x1d6 Drivers/STM32F1xx_HAL_Driver/Src/stm32f1xx_hal.o
 .debug_macro   0x0000000000019807      0x1b2 Drivers/STM32F1xx_HAL_Driver/Src/stm32f1xx_hal_cortex.o
 .debug_macro   0x00000000000199b9      0x1b2 Drivers/STM32F1xx_HAL_Driver/Src/stm32f1xx_hal_dma.o
 .debug_macro   0x0000000000019b6b      0x21d Drivers/STM32F1xx_HAL_Driver/Src/stm32f1xx_hal_gpio.o
 .debug_macro   0x0000000000019d88      0x1c4 Drivers/STM32F1xx_HAL_Driver/Src/stm32f1xx_hal_rcc.o
 .debug_macro   0x0000000000019f4c      0x1ba Drivers/STM32F1xx_HAL_Driver/Src/stm32f1xx_hal_spi.o
 .debug_macro   0x000000000001a106      0x1b2 Drivers/STM32F1xx_HAL_Driver/Src/stm32f1xx_hal_sram.o
 .debug_macro   0x000000000001a2b8      0x1b3 Drivers/STM32F1xx_HAL_Driver/Src/stm32f1xx_hal_uart.o
 .debug_macro   0x000000000001a46b      0x1eb Drivers/STM32F1xx_HAL_Driver/Src/stm32f1xx_ll_fsmc.o

.debug_line     0x0000000000000000     0xcb82
 .debug_line    0x0000000000000000       0x35 Core/Src/camera.o
 .debug_line    0x0000000000000035       0x32 Core/Src/dec.o
 .debug_line    0x0000000000000067       0x33 Core/Src/down.o
 .debug_line    0x000000000000009a       0x36 Core/Src/fliphor.o
 .debug_line    0x00000000000000d0       0x37 Core/Src/fliphver.o
 .debug_line    0x0000000000000107       0x36 Core/Src/foucosn.o
 .debug_line    0x000000000000013d       0x36 Core/Src/foucosp.o
 .debug_line    0x0000000000000173       0x33 Core/Src/gear.o
 .debug_line    0x00000000000001a6       0x32 Core/Src/inc.o
 .debug_line    0x00000000000001d8       0x33 Core/Src/iran.o
 .debug_line    0x000000000000020b       0x33 Core/Src/left.o
 .debug_line    0x000000000000023e       0x38 Core/Src/lightdown.o
 .debug_line    0x0000000000000276       0x36 Core/Src/lightup.o
 .debug_line    0x00000000000002ac      0xdb6 Core/Src/main.o
 .debug_line    0x0000000000001062       0x34 Core/Src/right.o
 .debug_line    0x0000000000001096       0x38 Core/Src/segoeui18.o
 .debug_line    0x00000000000010ce      0xc4f Core/Src/ssd1963_headerfile.o
 .debug_line    0x0000000000001d1d      0x7ff Core/Src/stm32f1xx_hal_msp.o
 .debug_line    0x000000000000251c      0x778 Core/Src/stm32f1xx_it.o
 .debug_line    0x0000000000002c94      0x4cb Core/Src/sysmem.o
 .debug_line    0x000000000000315f      0x6ec Core/Src/system_stm32f1xx.o
 .debug_line    0x000000000000384b      0xc06 Core/Src/tp.o
 .debug_line    0x0000000000004451       0x31 Core/Src/up.o
 .debug_line    0x0000000000004482       0x35 Core/Src/zoomin.o
 .debug_line    0x00000000000044b7       0x36 Core/Src/zoomout.o
 .debug_line    0x00000000000044ed       0x84 Core/Startup/startup_stm32f103vetx.o
 .debug_line    0x0000000000004571      0x919 Drivers/STM32F1xx_HAL_Driver/Src/stm32f1xx_hal.o
 .debug_line    0x0000000000004e8a      0xb01 Drivers/STM32F1xx_HAL_Driver/Src/stm32f1xx_hal_cortex.o
 .debug_line    0x000000000000598b     0x1243 Drivers/STM32F1xx_HAL_Driver/Src/stm32f1xx_hal_dma.o
 .debug_line    0x0000000000006bce      0x9d8 Drivers/STM32F1xx_HAL_Driver/Src/stm32f1xx_hal_gpio.o
 .debug_line    0x00000000000075a6      0xd27 Drivers/STM32F1xx_HAL_Driver/Src/stm32f1xx_hal_rcc.o
 .debug_line    0x00000000000082cd     0x1b91 Drivers/STM32F1xx_HAL_Driver/Src/stm32f1xx_hal_spi.o
 .debug_line    0x0000000000009e5e      0xc8c Drivers/STM32F1xx_HAL_Driver/Src/stm32f1xx_hal_sram.o
 .debug_line    0x000000000000aaea     0x1723 Drivers/STM32F1xx_HAL_Driver/Src/stm32f1xx_hal_uart.o
 .debug_line    0x000000000000c20d      0x975 Drivers/STM32F1xx_HAL_Driver/Src/stm32f1xx_ll_fsmc.o

.debug_str      0x0000000000000000    0x96a4f
 .debug_str     0x0000000000000000     0x2d74 Core/Src/camera.o
                                       0x2d8f (size before relaxing)
 .debug_str     0x0000000000002d74       0x12 Core/Src/dec.o
                                       0x2d85 (size before relaxing)
 .debug_str     0x0000000000002d86       0x13 Core/Src/down.o
                                       0x2d8b (size before relaxing)
 .debug_str     0x0000000000002d99       0x1e Core/Src/fliphor.o
                                       0x2d91 (size before relaxing)
 .debug_str     0x0000000000002db7       0x1f Core/Src/fliphver.o
                                       0x2d92 (size before relaxing)
 .debug_str     0x0000000000002dd6       0x1e Core/Src/foucosn.o
                                       0x2d91 (size before relaxing)
 .debug_str     0x0000000000002df4       0x1e Core/Src/foucosp.o
                                       0x2d91 (size before relaxing)
 .debug_str     0x0000000000002e12       0x18 Core/Src/gear.o
                                       0x2d8b (size before relaxing)
 .debug_str     0x0000000000002e2a       0x12 Core/Src/inc.o
                                       0x2d85 (size before relaxing)
 .debug_str     0x0000000000002e3c       0x18 Core/Src/iran.o
                                       0x2d8b (size before relaxing)
 .debug_str     0x0000000000002e54       0x18 Core/Src/left.o
                                       0x2d8b (size before relaxing)
 .debug_str     0x0000000000002e6c       0x22 Core/Src/lightdown.o
                                       0x2d95 (size before relaxing)
 .debug_str     0x0000000000002e8e       0x1e Core/Src/lightup.o
                                       0x2d91 (size before relaxing)
 .debug_str     0x0000000000002eac    0x90fd2 Core/Src/main.o
                                      0x94383 (size before relaxing)
 .debug_str     0x0000000000093e7e       0x14 Core/Src/right.o
                                       0x2d8d (size before relaxing)
 .debug_str     0x0000000000093e92       0x18 Core/Src/segoeui18.o
                                       0x2d94 (size before relaxing)
 .debug_str     0x0000000000093eaa      0x18e Core/Src/ssd1963_headerfile.o
                                      0x92297 (size before relaxing)
 .debug_str     0x0000000000094038       0xe9 Core/Src/stm32f1xx_hal_msp.o
                                      0x8ea3b (size before relaxing)
 .debug_str     0x0000000000094121      0x101 Core/Src/stm32f1xx_it.o
                                      0x8e28d (size before relaxing)
 .debug_str     0x0000000000094222      0x4e9 Core/Src/sysmem.o
                                       0x6257 (size before relaxing)
 .debug_str     0x000000000009470b       0x52 Core/Src/system_stm32f1xx.o
                                      0x8ddff (size before relaxing)
 .debug_str     0x000000000009475d       0xad Core/Src/tp.o
                                      0x92678 (size before relaxing)
 .debug_str     0x000000000009480a       0x11 Core/Src/up.o
                                       0x2d84 (size before relaxing)
 .debug_str     0x000000000009481b       0x15 Core/Src/zoomin.o
                                       0x2d8f (size before relaxing)
 .debug_str     0x0000000000094830       0x16 Core/Src/zoomout.o
                                       0x2d91 (size before relaxing)
 .debug_str     0x0000000000094846       0x36 Core/Startup/startup_stm32f103vetx.o
                                         0x6b (size before relaxing)
 .debug_str     0x000000000009487c      0x2fa Drivers/STM32F1xx_HAL_Driver/Src/stm32f1xx_hal.o
                                      0x8e574 (size before relaxing)
 .debug_str     0x0000000000094b76      0x300 Drivers/STM32F1xx_HAL_Driver/Src/stm32f1xx_hal_cortex.o
                                      0x8e57c (size before relaxing)
 .debug_str     0x0000000000094e76      0x230 Drivers/STM32F1xx_HAL_Driver/Src/stm32f1xx_hal_dma.o
                                      0x8e1da (size before relaxing)
 .debug_str     0x00000000000950a6      0x31f Drivers/STM32F1xx_HAL_Driver/Src/stm32f1xx_hal_gpio.o
                                      0x8e1c3 (size before relaxing)
 .debug_str     0x00000000000953c5      0x24f Drivers/STM32F1xx_HAL_Driver/Src/stm32f1xx_hal_rcc.o
                                      0x8e1fc (size before relaxing)
 .debug_str     0x0000000000095614      0x549 Drivers/STM32F1xx_HAL_Driver/Src/stm32f1xx_hal_spi.o
                                      0x8e70a (size before relaxing)
 .debug_str     0x0000000000095b5d      0x1f7 Drivers/STM32F1xx_HAL_Driver/Src/stm32f1xx_hal_sram.o
                                      0x8e3f5 (size before relaxing)
 .debug_str     0x0000000000095d54      0x50c Drivers/STM32F1xx_HAL_Driver/Src/stm32f1xx_hal_uart.o
                                      0x8e702 (size before relaxing)
 .debug_str     0x0000000000096260      0x7ef Drivers/STM32F1xx_HAL_Driver/Src/stm32f1xx_ll_fsmc.o
                                      0x8e796 (size before relaxing)

.comment        0x0000000000000000       0x53
 .comment       0x0000000000000000       0x53 Core/Src/camera.o
                                         0x54 (size before relaxing)
 .comment       0x0000000000000053       0x54 Core/Src/dec.o
 .comment       0x0000000000000053       0x54 Core/Src/down.o
 .comment       0x0000000000000053       0x54 Core/Src/fliphor.o
 .comment       0x0000000000000053       0x54 Core/Src/fliphver.o
 .comment       0x0000000000000053       0x54 Core/Src/foucosn.o
 .comment       0x0000000000000053       0x54 Core/Src/foucosp.o
 .comment       0x0000000000000053       0x54 Core/Src/gear.o
 .comment       0x0000000000000053       0x54 Core/Src/inc.o
 .comment       0x0000000000000053       0x54 Core/Src/iran.o
 .comment       0x0000000000000053       0x54 Core/Src/left.o
 .comment       0x0000000000000053       0x54 Core/Src/lightdown.o
 .comment       0x0000000000000053       0x54 Core/Src/lightup.o
 .comment       0x0000000000000053       0x54 Core/Src/main.o
 .comment       0x0000000000000053       0x54 Core/Src/right.o
 .comment       0x0000000000000053       0x54 Core/Src/segoeui18.o
 .comment       0x0000000000000053       0x54 Core/Src/ssd1963_headerfile.o
 .comment       0x0000000000000053       0x54 Core/Src/stm32f1xx_hal_msp.o
 .comment       0x0000000000000053       0x54 Core/Src/stm32f1xx_it.o
 .comment       0x0000000000000053       0x54 Core/Src/sysmem.o
 .comment       0x0000000000000053       0x54 Core/Src/system_stm32f1xx.o
 .comment       0x0000000000000053       0x54 Core/Src/tp.o
 .comment       0x0000000000000053       0x54 Core/Src/up.o
 .comment       0x0000000000000053       0x54 Core/Src/zoomin.o
 .comment       0x0000000000000053       0x54 Core/Src/zoomout.o
 .comment       0x0000000000000053       0x54 Drivers/STM32F1xx_HAL_Driver/Src/stm32f1xx_hal.o
 .comment       0x0000000000000053       0x54 Drivers/STM32F1xx_HAL_Driver/Src/stm32f1xx_hal_cortex.o
 .comment       0x0000000000000053       0x54 Drivers/STM32F1xx_HAL_Driver/Src/stm32f1xx_hal_dma.o
 .comment       0x0000000000000053       0x54 Drivers/STM32F1xx_HAL_Driver/Src/stm32f1xx_hal_gpio.o
 .comment       0x0000000000000053       0x54 Drivers/STM32F1xx_HAL_Driver/Src/stm32f1xx_hal_rcc.o
 .comment       0x0000000000000053       0x54 Drivers/STM32F1xx_HAL_Driver/Src/stm32f1xx_hal_spi.o
 .comment       0x0000000000000053       0x54 Drivers/STM32F1xx_HAL_Driver/Src/stm32f1xx_hal_sram.o
 .comment       0x0000000000000053       0x54 Drivers/STM32F1xx_HAL_Driver/Src/stm32f1xx_hal_uart.o
 .comment       0x0000000000000053       0x54 Drivers/STM32F1xx_HAL_Driver/Src/stm32f1xx_ll_fsmc.o

.debug_ranges   0x0000000000000000      0x9e8
 .debug_ranges  0x0000000000000000       0x78 Core/Src/main.o
 .debug_ranges  0x0000000000000078       0x70 Core/Src/ssd1963_headerfile.o
 .debug_ranges  0x00000000000000e8       0x50 Core/Src/stm32f1xx_hal_msp.o
 .debug_ranges  0x0000000000000138       0x68 Core/Src/stm32f1xx_it.o
 .debug_ranges  0x00000000000001a0       0x10 Core/Src/sysmem.o
 .debug_ranges  0x00000000000001b0       0x18 Core/Src/system_stm32f1xx.o
 .debug_ranges  0x00000000000001c8       0x48 Core/Src/tp.o
 .debug_ranges  0x0000000000000210       0x20 Core/Startup/startup_stm32f103vetx.o
 .debug_ranges  0x0000000000000230       0xd0 Drivers/STM32F1xx_HAL_Driver/Src/stm32f1xx_hal.o
 .debug_ranges  0x0000000000000300       0xf0 Drivers/STM32F1xx_HAL_Driver/Src/stm32f1xx_hal_cortex.o
 .debug_ranges  0x00000000000003f0       0x70 Drivers/STM32F1xx_HAL_Driver/Src/stm32f1xx_hal_dma.o
 .debug_ranges  0x0000000000000460       0x48 Drivers/STM32F1xx_HAL_Driver/Src/stm32f1xx_hal_gpio.o
 .debug_ranges  0x00000000000004a8       0x80 Drivers/STM32F1xx_HAL_Driver/Src/stm32f1xx_hal_rcc.o
 .debug_ranges  0x0000000000000528      0x1c0 Drivers/STM32F1xx_HAL_Driver/Src/stm32f1xx_hal_spi.o
 .debug_ranges  0x00000000000006e8       0xa8 Drivers/STM32F1xx_HAL_Driver/Src/stm32f1xx_hal_sram.o
 .debug_ranges  0x0000000000000790      0x1c0 Drivers/STM32F1xx_HAL_Driver/Src/stm32f1xx_hal_uart.o
 .debug_ranges  0x0000000000000950       0x98 Drivers/STM32F1xx_HAL_Driver/Src/stm32f1xx_ll_fsmc.o

.debug_frame    0x0000000000000000     0x3128
 .debug_frame   0x0000000000000000      0x1f4 Core/Src/main.o
 .debug_frame   0x00000000000001f4      0x204 Core/Src/ssd1963_headerfile.o
 .debug_frame   0x00000000000003f8      0x150 Core/Src/stm32f1xx_hal_msp.o
 .debug_frame   0x0000000000000548      0x158 Core/Src/stm32f1xx_it.o
 .debug_frame   0x00000000000006a0       0x34 Core/Src/sysmem.o
 .debug_frame   0x00000000000006d4       0x58 Core/Src/system_stm32f1xx.o
 .debug_frame   0x000000000000072c      0x134 Core/Src/tp.o
 .debug_frame   0x0000000000000860      0x334 Drivers/STM32F1xx_HAL_Driver/Src/stm32f1xx_hal.o
 .debug_frame   0x0000000000000b94      0x428 Drivers/STM32F1xx_HAL_Driver/Src/stm32f1xx_hal_cortex.o
 .debug_frame   0x0000000000000fbc      0x20c Drivers/STM32F1xx_HAL_Driver/Src/stm32f1xx_hal_dma.o
 .debug_frame   0x00000000000011c8      0x14c Drivers/STM32F1xx_HAL_Driver/Src/stm32f1xx_hal_gpio.o