main.c:178:5:main	32	static
main.c:257:6:SystemClock_Config	72	static
main.c:296:13:MX_SPI2_Init	8	static
main.c:334:13:MX_USART1_UART_Init	8	static
main.c:365:13:MX_DMA_Init	16	static
main.c:383:13:MX_GPIO_Init	40	static
main.c:412:13:MX_FSMC_Init	40	static
main.c:470:9:inRegion	16	static
main.c:478:6:sendCmd	24	static
main.c:487:6:drawMainMenu	16	static
main.c:530:6:handleTouch	24	static
main.c:610:6:putTexts	16	static
main.c:638:6:HAL_UART_RxCpltCallback	16	static
main.c:656:6:Error_Handler	4	static,ignoring_inline_asm
