main.c:179:5:main	32	static
main.c:262:6:SystemClock_Config	72	static
main.c:301:13:MX_SPI2_Init	8	static
main.c:339:13:MX_USART1_UART_Init	8	static
main.c:370:13:MX_DMA_Init	16	static
main.c:391:13:MX_GPIO_Init	40	static
main.c:420:13:MX_FSMC_Init	40	static
main.c:478:9:inRegion	16	static
main.c:486:6:sendCmd	16	static
main.c:495:6:drawMainMenu	16	static
main.c:538:6:handleTouch	24	static
main.c:618:6:putTexts	16	static
main.c:646:6:HAL_UART_RxCpltCallback	24	static
main.c:666:6:Error_Handler	4	static,ignoring_inline_asm
